Archive member included to satisfy reference by file (symbol)

/usr/lib/gcc/arm-none-eabi/13.2.1/thumb/v6-m/nofp/libgcc.a(_dvmd_tls.o)
                              CMakeFiles/mqtt.dir/opt/pico-sdk/src/rp2_common/pico_divider/divider_hardware.S.obj (__aeabi_idiv0)
/usr/lib/gcc/arm-none-eabi/13.2.1/../../../arm-none-eabi/lib/thumb/v6-m/nofp/libg.a(libc_a-strchr.o)
                              CMakeFiles/mqtt.dir/opt/pico-sdk/lib/lwip/src/apps/http/httpd.c.obj (strchr)
/usr/lib/gcc/arm-none-eabi/13.2.1/../../../arm-none-eabi/lib/thumb/v6-m/nofp/libg.a(libc_a-strcmp.o)
                              CMakeFiles/mqtt.dir/opt/pico-sdk/lib/lwip/src/apps/http/fs.c.obj (strcmp)
/usr/lib/gcc/arm-none-eabi/13.2.1/../../../arm-none-eabi/lib/thumb/v6-m/nofp/libg.a(libc_a-strncmp.o)
                              CMakeFiles/mqtt.dir/opt/pico-sdk/lib/lwip/src/core/def.c.obj (strncmp)
/usr/lib/gcc/arm-none-eabi/13.2.1/../../../arm-none-eabi/lib/thumb/v6-m/nofp/libg.a(libc_a-memmove.o)
                              CMakeFiles/mqtt.dir/opt/pico-sdk/lib/lwip/src/core/def.c.obj (memmove)
/usr/lib/gcc/arm-none-eabi/13.2.1/../../../arm-none-eabi/lib/thumb/v6-m/nofp/libg.a(libc_a-calloc.o)
                              CMakeFiles/mqtt.dir/opt/pico-sdk/src/rp2_common/pico_malloc/malloc.c.obj (calloc)
/usr/lib/gcc/arm-none-eabi/13.2.1/../../../arm-none-eabi/lib/thumb/v6-m/nofp/libg.a(libc_a-impure.o)
                              /usr/lib/gcc/arm-none-eabi/13.2.1/../../../arm-none-eabi/lib/thumb/v6-m/nofp/libg.a(libc_a-calloc.o) (_impure_ptr)
/usr/lib/gcc/arm-none-eabi/13.2.1/../../../arm-none-eabi/lib/thumb/v6-m/nofp/libg.a(libc_a-callocr.o)
                              /usr/lib/gcc/arm-none-eabi/13.2.1/../../../arm-none-eabi/lib/thumb/v6-m/nofp/libg.a(libc_a-calloc.o) (_calloc_r)
/usr/lib/gcc/arm-none-eabi/13.2.1/../../../arm-none-eabi/lib/thumb/v6-m/nofp/libg.a(libc_a-realloc.o)
                              CMakeFiles/mqtt.dir/opt/pico-sdk/src/rp2_common/pico_malloc/malloc.c.obj (realloc)
/usr/lib/gcc/arm-none-eabi/13.2.1/../../../arm-none-eabi/lib/thumb/v6-m/nofp/libg.a(libc_a-mallocr.o)
                              /usr/lib/gcc/arm-none-eabi/13.2.1/../../../arm-none-eabi/lib/thumb/v6-m/nofp/libg.a(libc_a-callocr.o) (_malloc_r)
/usr/lib/gcc/arm-none-eabi/13.2.1/../../../arm-none-eabi/lib/thumb/v6-m/nofp/libg.a(libc_a-freer.o)
                              /usr/lib/gcc/arm-none-eabi/13.2.1/../../../arm-none-eabi/lib/thumb/v6-m/nofp/libg.a(libc_a-mallocr.o) (_free_r)
/usr/lib/gcc/arm-none-eabi/13.2.1/../../../arm-none-eabi/lib/thumb/v6-m/nofp/libg.a(libc_a-memcmp.o)
                              CMakeFiles/mqtt.dir/opt/pico-sdk/src/rp2_common/pico_atomic/atomic.c.obj (memcmp)
/usr/lib/gcc/arm-none-eabi/13.2.1/../../../arm-none-eabi/lib/thumb/v6-m/nofp/libg.a(libc_a-atoi.o)
                              CMakeFiles/mqtt.dir/opt/pico-sdk/lib/lwip/src/core/netif.c.obj (atoi)
/usr/lib/gcc/arm-none-eabi/13.2.1/../../../arm-none-eabi/lib/thumb/v6-m/nofp/libg.a(libc_a-strtol.o)
                              /usr/lib/gcc/arm-none-eabi/13.2.1/../../../arm-none-eabi/lib/thumb/v6-m/nofp/libg.a(libc_a-atoi.o) (_strtol_r)
/usr/lib/gcc/arm-none-eabi/13.2.1/../../../arm-none-eabi/lib/thumb/v6-m/nofp/libg.a(libc_a-malloc.o)
                              CMakeFiles/mqtt.dir/opt/pico-sdk/src/rp2_common/pico_malloc/malloc.c.obj (malloc)
/usr/lib/gcc/arm-none-eabi/13.2.1/../../../arm-none-eabi/lib/thumb/v6-m/nofp/libg.a(libc_a-sysconf.o)
                              /usr/lib/gcc/arm-none-eabi/13.2.1/../../../arm-none-eabi/lib/thumb/v6-m/nofp/libg.a(libc_a-mallocr.o) (sysconf)
/usr/lib/gcc/arm-none-eabi/13.2.1/../../../arm-none-eabi/lib/thumb/v6-m/nofp/libg.a(libc_a-init.o)
                              /usr/lib/gcc/arm-none-eabi/13.2.1/../../../arm-none-eabi/lib/thumb/v6-m/nofp/crt0.o (__libc_init_array)
/usr/lib/gcc/arm-none-eabi/13.2.1/../../../arm-none-eabi/lib/thumb/v6-m/nofp/libg.a(libc_a-reallocr.o)
                              /usr/lib/gcc/arm-none-eabi/13.2.1/../../../arm-none-eabi/lib/thumb/v6-m/nofp/libg.a(libc_a-realloc.o) (_realloc_r)
/usr/lib/gcc/arm-none-eabi/13.2.1/../../../arm-none-eabi/lib/thumb/v6-m/nofp/libg.a(libc_a-mktime.o)
                              CMakeFiles/mqtt.dir/opt/pico-sdk/src/common/pico_util/datetime.c.obj (mktime)
/usr/lib/gcc/arm-none-eabi/13.2.1/../../../arm-none-eabi/lib/thumb/v6-m/nofp/libg.a(libc_a-mlock.o)
                              /usr/lib/gcc/arm-none-eabi/13.2.1/../../../arm-none-eabi/lib/thumb/v6-m/nofp/libg.a(libc_a-mallocr.o) (__malloc_lock)
/usr/lib/gcc/arm-none-eabi/13.2.1/../../../arm-none-eabi/lib/thumb/v6-m/nofp/libg.a(libc_a-findfp.o)
                              /usr/lib/gcc/arm-none-eabi/13.2.1/../../../arm-none-eabi/lib/thumb/v6-m/nofp/libg.a(libc_a-impure.o) (__sf)
/usr/lib/gcc/arm-none-eabi/13.2.1/../../../arm-none-eabi/lib/thumb/v6-m/nofp/libg.a(libc_a-tzlock.o)
[...]
Memory Configuration

Name             Origin             Length             Attributes
FLASH            0x10000000         0x00200000         xr
RAM              0x20000000         0x00040000         xrw
SCRATCH_X        0x20040000         0x00001000         xrw
SCRATCH_Y        0x20041000         0x00001000         xrw
*default*        0x00000000         0xffffffff

Linker script and memory map

LOAD /usr/lib/gcc/arm-none-eabi/13.2.1/thumb/v6-m/nofp/crti.o
LOAD /usr/lib/gcc/arm-none-eabi/13.2.1/thumb/v6-m/nofp/crtbegin.o
LOAD /usr/lib/gcc/arm-none-eabi/13.2.1/../../../arm-none-eabi/lib/thumb/v6-m/nofp/crt0.o

.flash_begin    0x10000000        0x0
                0x10000000                        __flash_binary_start = .

.boot2          0x10000000      0x100
                0x10000000                        __boot2_start__ = .
 *(.boot2)
 .boot2         0x10000000      0x100 /tmp/ccVtIpQy.o
                0x10000100                        __boot2_end__ = .
                0x00000001                        ASSERT (((__boot2_end__ - __boot2_start__) == 0x100), ERROR: Pico second stage bootloader must be 256 bytes in size)

.text           0x10000100    0x18058
                0x10000100                        __logical_binary_start = .
 *(.vectors)
 .vectors       0x10000100       0xd4 CMakeFiles/mqtt.dir/opt/pico-sdk/src/rp2_common/pico_crt0/crt0.S.obj
                0x10000100                __vectors
                0x10000100                __VECTOR_TABLE
                0x100001c0                isr_invalid
                0x100001c0                __default_isrs_start
                0x100001c2                isr_nmi
                0x100001c4                isr_hardfault
                0x100001c6                isr_svcall
                0x100001c8                isr_pendsv
                0x100001ca                isr_systick
                0x100001cc                isr_irq30
                0x100001cc                __unhandled_user_irq
                0x100001cc                isr_irq13
                0x100001cc                isr_irq27
                0x100001cc                isr_irq31
                0x100001cc                isr_irq5
                0x100001cc                isr_irq11
                0x100001cc                isr_irq23
                0x100001cc                isr_irq18
                0x100001cc                isr_irq28
                0x100001cc                isr_irq19
                0x100001cc                isr_irq0
                0x100001cc                isr_irq6
                0x100001cc                isr_irq22
                0x100001cc                isr_irq17
                0x100001cc                isr_irq14
                0x100001cc                isr_irq2
                0x100001cc                isr_irq10
                0x100001cc                isr_irq8
                0x100001cc                isr_irq24
                0x100001cc                isr_irq1
                0x100001cc                isr_irq7
                0x100001cc                isr_irq21
                0x100001cc                isr_irq20
                0x100001cc                isr_irq15
                0x100001cc                isr_irq25
                0x100001cc                isr_irq4
                0x100001cc                isr_irq16
                0x100001cc                isr_irq29
                0x100001cc                isr_irq26
                0x100001cc                __default_isrs_end
                0x100001cc                isr_irq3
                0x100001cc                isr_irq12
                0x100001cc                isr_irq9
                0x100001d2                unhandled_user_irq_num_in_r0
 *(.binary_info_header)
 .binary_info_header
                0x100001d4       0x14 CMakeFiles/mqtt.dir/opt/pico-sdk/src/rp2_common/pico_crt0/crt0.S.obj
                0x100001e8                        __binary_info_header_end = .
 *(.embedded_block)
                0x100001e8                        __embedded_block_end = .
 *(.reset)
 .reset         0x100001e8       0x9c CMakeFiles/mqtt.dir/opt/pico-sdk/src/rp2_common/pico_crt0/crt0.S.obj
                0x100001e8                _entry_point
 *(.init)
 .init          0x10000284        0x4 /usr/lib/gcc/arm-none-eabi/13.2.1/thumb/v6-m/nofp/crti.o
                0x10000284                _init
 *(EXCLUDE_FILE(*libm.a: *libc.a:*lib_a-mem*.o *libgcc.a:) .text*)
 .text          0x10000288       0x98 /usr/lib/gcc/arm-none-eabi/13.2.1/thumb/v6-m/nofp/crtbegin.o
 .text.result   0x10000320       0x2c CMakeFiles/mqtt.dir/main.c.obj
                0x10000320                result
 .text.headers  0x1000034c       0x54 CMakeFiles/mqtt.dir/main.c.obj
                0x1000034c                headers
 .text.body     0x100003a0       0x30 CMakeFiles/mqtt.dir/main.c.obj
                0x100003a0                body
 .text.setup    0x100003d0      0x1bc CMakeFiles/mqtt.dir/main.c.obj
                0x100003d0                setup
 .text.startup.main
                0x1000058c      0x190 CMakeFiles/mqtt.dir/main.c.obj
                0x1000058c                main
 .text.gpio_set_function
                0x1000071c       0x34 CMakeFiles/mqtt.dir/opt/pico-sdk/src/rp2_common/hardware_gpio/gpio.c.obj
                0x1000071c                gpio_set_function
 .text.gpio_set_pulls
                0x10000750       0x28 CMakeFiles/mqtt.dir/opt/pico-sdk/src/rp2_common/hardware_gpio/gpio.c.obj
                0x10000750                gpio_set_pulls
 .text.gpio_set_input_hysteresis_enabled
                0x10000778       0x28 CMakeFiles/mqtt.dir/opt/pico-sdk/src/rp2_common/hardware_gpio/gpio.c.obj
                0x10000778                gpio_set_input_hysteresis_enabled
 .text.gpio_set_irq_enabled
                0x100007a0       0x58 CMakeFiles/mqtt.dir/opt/pico-sdk/src/rp2_common/hardware_gpio/gpio.c.obj
                0x100007a0                gpio_set_irq_enabled
 .text.gpio_add_raw_irq_handler_with_order_priority_masked
                0x100007f8       0x44 CMakeFiles/mqtt.dir/opt/pico-sdk/src/rp2_common/hardware_gpio/gpio.c.obj
                0x100007f8                gpio_add_raw_irq_handler_with_order_priority_masked
 .text.gpio_remove_raw_irq_handler_masked
                0x1000083c       0x20 CMakeFiles/mqtt.dir/opt/pico-sdk/src/rp2_common/hardware_gpio/gpio.c.obj
                0x1000083c                gpio_remove_raw_irq_handler_masked
 .text.gpio_init
                0x1000085c       0x40 CMakeFiles/mqtt.dir/opt/pico-sdk/src/rp2_common/hardware_gpio/gpio.c.obj
                0x1000085c                gpio_init
 .text.rp2040_chip_version
                0x1000089c        0xc CMakeFiles/mqtt.dir/opt/pico-sdk/src/rp2040/pico_platform/platform.c.obj
                0x1000089c                rp2040_chip_version
 .text.panic    0x100008a8       0x30 CMakeFiles/mqtt.dir/opt/pico-sdk/src/rp2_common/pico_platform_panic/panic.c.obj
                0x100008a8                panic
 .text.hw_claim_lock
                0x100008d8       0x18 CMakeFiles/mqtt.dir/opt/pico-sdk/src/common/hardware_claim/claim.c.obj
                0x100008d8                hw_claim_lock
 .text.hw_claim_unlock
                0x100008f0       0x14 CMakeFiles/mqtt.dir/opt/pico-sdk/src/common/hardware_claim/claim.c.obj
                0x100008f0                hw_claim_unlock
 .text.hw_claim_or_assert
                0x10000904       0x44 CMakeFiles/mqtt.dir/opt/pico-sdk/src/common/hardware_claim/claim.c.obj
                0x10000904                hw_claim_or_assert
 .text.hw_claim_unused_from_range
                0x10000948       0x9c CMakeFiles/mqtt.dir/opt/pico-sdk/src/common/hardware_claim/claim.c.obj
                0x10000948                hw_claim_unused_from_range
 .text.hw_claim_clear
                0x100009e4       0x38 CMakeFiles/mqtt.dir/opt/pico-sdk/src/common/hardware_claim/claim.c.obj
                0x100009e4                hw_claim_clear
 .text.next_striped_spin_lock_num
                0x10000a1c       0x18 CMakeFiles/mqtt.dir/opt/pico-sdk/src/rp2_common/hardware_sync/sync.c.obj
                0x10000a1c                next_striped_spin_lock_num
 .text.spin_lock_claim_unused
                0x10000a34       0x24 CMakeFiles/mqtt.dir/opt/pico-sdk/src/rp2_common/hardware_sync/sync.c.obj
                0x10000a34                spin_lock_claim_unused
 .text.spin_locks_reset
                0x10000a58       0x1c CMakeFiles/mqtt.dir/opt/pico-sdk/src/rp2_common/hardware_sync_spin_lock/sync_spin_lock.c.obj
                0x10000a58                spin_locks_reset
 .text.runtime_init_per_core_irq_priorities
                0x10000a74       0x24 CMakeFiles/mqtt.dir/opt/pico-sdk/src/rp2_common/hardware_irq/irq.c.obj
                0x10000a74                runtime_init_per_core_irq_priorities
 .text.irq_set_enabled
                0x10000a98       0x24 CMakeFiles/mqtt.dir/opt/pico-sdk/src/rp2_common/hardware_irq/irq.c.obj
                0x10000a98                irq_set_enabled
 .text.irq_is_enabled
                0x10000abc       0x18 CMakeFiles/mqtt.dir/opt/pico-sdk/src/rp2_common/hardware_irq/irq.c.obj
                0x10000abc                irq_is_enabled
 .text.irq_set_pending
                0x10000ad4       0x10 CMakeFiles/mqtt.dir/opt/pico-sdk/src/rp2_common/hardware_irq/irq.c.obj
                0x10000ad4                irq_set_pending
 .text.irq_has_shared_handler
                0x10000ae4       0x2c CMakeFiles/mqtt.dir/opt/pico-sdk/src/rp2_common/hardware_irq/irq.c.obj
                0x10000ae4                irq_has_shared_handler
 .text.irq_set_exclusive_handler
                0x10000b10       0x54 CMakeFiles/mqtt.dir/opt/pico-sdk/src/rp2_common/hardware_irq/irq.c.obj
                0x10000b10                irq_set_exclusive_handler
 .text.irq_add_shared_handler
                0x10000b64      0x1f4 CMakeFiles/mqtt.dir/opt/pico-sdk/src/rp2_common/hardware_irq/irq.c.obj
                0x10000b64                irq_add_shared_handler
 .text.irq_remove_handler
                0x10000d58      0x1d4 CMakeFiles/mqtt.dir/opt/pico-sdk/src/rp2_common/hardware_irq/irq.c.obj
                0x10000d58                irq_remove_handler
 .text.irq_set_priority
                0x10000f2c       0x28 CMakeFiles/mqtt.dir/opt/pico-sdk/src/rp2_common/hardware_irq/irq.c.obj
                0x10000f2c                irq_set_priority
 .text.irq_add_tail_to_free_list
                0x10000f54       0xb4 CMakeFiles/mqtt.dir/opt/pico-sdk/src/rp2_common/hardware_irq/irq.c.obj
                0x10000f54                irq_add_tail_to_free_list
 .text.user_irq_unclaim
                0x10001008       0x14 CMakeFiles/mqtt.dir/opt/pico-sdk/src/rp2_common/hardware_irq/irq.c.obj
                0x10001008                user_irq_unclaim
 .text.user_irq_claim_unused
                0x1000101c       0x2c CMakeFiles/mqtt.dir/opt/pico-sdk/src/rp2_common/hardware_irq/irq.c.obj
                0x1000101c                user_irq_claim_unused
 .text.sem_init
                0x10001048       0x20 CMakeFiles/mqtt.dir/opt/pico-sdk/src/common/pico_sync/sem.c.obj
                0x10001048                sem_init
 .text.lock_init
                0x10001068       0x10 CMakeFiles/mqtt.dir/opt/pico-sdk/src/common/pico_sync/lock_core.c.obj
                0x10001068                lock_init
 .text.runtime_init_mutex
                0x10001078       0x50 CMakeFiles/mqtt.dir/opt/pico-sdk/src/common/pico_sync/mutex.c.obj
                0x10001078                runtime_init_mutex
 .text.mutex_init
                0x100010c8       0x1c CMakeFiles/mqtt.dir/opt/pico-sdk/src/common/pico_sync/mutex.c.obj
                0x100010c8                mutex_init
 .text.recursive_mutex_init
                0x100010e4       0x1c CMakeFiles/mqtt.dir/opt/pico-sdk/src/common/pico_sync/mutex.c.obj
                0x100010e4                recursive_mutex_init
 .text.critical_section_init
                0x10001100       0x1c CMakeFiles/mqtt.dir/opt/pico-sdk/src/common/pico_sync/critical_section.c.obj
                0x10001100                critical_section_init
 .text.critical_section_init_with_lock_num
                0x1000111c       0x14 CMakeFiles/mqtt.dir/opt/pico-sdk/src/common/pico_sync/critical_section.c.obj
                0x1000111c                critical_section_init_with_lock_num
 .text.sleep_until_callback
                0x10001130       0x30 CMakeFiles/mqtt.dir/opt/pico-sdk/src/common/pico_time/time.c.obj
 .text.alarm_pool_irq_handler
                0x10001160      0x2e4 CMakeFiles/mqtt.dir/opt/pico-sdk/src/common/pico_time/time.c.obj
 .text.runtime_init_default_alarm_pool
                0x10001444       0xdc CMakeFiles/mqtt.dir/opt/pico-sdk/src/common/pico_time/time.c.obj
                0x10001444                runtime_init_default_alarm_pool
 .text.alarm_pool_get_default
                0x10001520        0x8 CMakeFiles/mqtt.dir/opt/pico-sdk/src/common/pico_time/time.c.obj
                0x10001520                alarm_pool_get_default
 .text.alarm_pool_add_alarm_at
                0x10001528       0xd4 CMakeFiles/mqtt.dir/opt/pico-sdk/src/common/pico_time/time.c.obj
                0x10001528                alarm_pool_add_alarm_at
 .text.alarm_pool_add_alarm_at_force_in_context
                0x100015fc       0xb0 CMakeFiles/mqtt.dir/opt/pico-sdk/src/common/pico_time/time.c.obj
                0x100015fc                alarm_pool_add_alarm_at_force_in_context
 .text.alarm_pool_cancel_alarm
                0x100016ac       0x74 CMakeFiles/mqtt.dir/opt/pico-sdk/src/common/pico_time/time.c.obj
                0x100016ac                alarm_pool_cancel_alarm
 .text.alarm_pool_core_num
                0x10001720        0x4 CMakeFiles/mqtt.dir/opt/pico-sdk/src/common/pico_time/time.c.obj
                0x10001720                alarm_pool_core_num
 .text.sleep_until
                0x10001724       0xd8 CMakeFiles/mqtt.dir/opt/pico-sdk/src/common/pico_time/time.c.obj
                0x10001724                sleep_until
 .text.sleep_ms
                0x100017fc       0x38 CMakeFiles/mqtt.dir/opt/pico-sdk/src/common/pico_time/time.c.obj
                0x100017fc                sleep_ms
 .text.best_effort_wfe_or_timeout
                0x10001834      0x134 CMakeFiles/mqtt.dir/opt/pico-sdk/src/common/pico_time/time.c.obj
                0x10001834                best_effort_wfe_or_timeout
 .text.timer_hardware_alarm_claim
                0x10001968       0x14 CMakeFiles/mqtt.dir/opt/pico-sdk/src/rp2_common/hardware_timer/timer.c.obj
                0x10001968                timer_hardware_alarm_claim
 .text.timer_time_us_64
                0x1000197c       0x10 CMakeFiles/mqtt.dir/opt/pico-sdk/src/rp2_common/hardware_timer/timer.c.obj
                0x1000197c                timer_time_us_64
 .text.time_us_64
                0x1000198c       0x14 CMakeFiles/mqtt.dir/opt/pico-sdk/src/rp2_common/hardware_timer/timer.c.obj
                0x1000198c                time_us_64
 .text.busy_wait_until
                0x100019a0       0x20 CMakeFiles/mqtt.dir/opt/pico-sdk/src/rp2_common/hardware_timer/timer.c.obj
                0x100019a0                busy_wait_until
 .text.clock_configure_int_divider
                0x100019c0       0xf4 CMakeFiles/mqtt.dir/opt/pico-sdk/src/rp2_common/hardware_clocks/clocks.c.obj
                0x100019c0                clock_configure_int_divider
 .text.clock_configure_undivided
                0x10001ab4       0xe8 CMakeFiles/mqtt.dir/opt/pico-sdk/src/rp2_common/hardware_clocks/clocks.c.obj
                0x10001ab4                clock_configure_undivided
 .text.clock_get_hz
                0x10001b9c        0xc CMakeFiles/mqtt.dir/opt/pico-sdk/src/rp2_common/hardware_clocks/clocks.c.obj
                0x10001b9c                clock_get_hz
 .text.pll_init
                0x10001ba8       0xa4 CMakeFiles/mqtt.dir/opt/pico-sdk/src/rp2_common/hardware_pll/pll.c.obj
                0x10001ba8                pll_init
 .text.watchdog_reboot
                0x10001c4c       0x9c CMakeFiles/mqtt.dir/opt/pico-sdk/src/rp2_common/hardware_watchdog/watchdog.c.obj
                0x10001c4c                watchdog_reboot
 .text.tick_start
                0x10001ce8       0x10 CMakeFiles/mqtt.dir/opt/pico-sdk/src/rp2_common/hardware_ticks/ticks.c.obj
                0x10001ce8                tick_start
 .text.xosc_init
                0x10001cf8       0x28 CMakeFiles/mqtt.dir/opt/pico-sdk/src/rp2_common/hardware_xosc/xosc.c.obj
                0x10001cf8                xosc_init
 .text.first_per_core_initializer
                0x10001d20        0x4 CMakeFiles/mqtt.dir/opt/pico-sdk/src/rp2_common/pico_runtime/runtime.c.obj
 .text.hard_assertion_failure
                0x10001d24        0xc CMakeFiles/mqtt.dir/opt/pico-sdk/src/rp2_common/pico_runtime/runtime.c.obj
                0x10001d24                hard_assertion_failure
 .text.runtime_run_initializers
                0x10001d30       0x28 CMakeFiles/mqtt.dir/opt/pico-sdk/src/rp2_common/pico_runtime/runtime.c.obj
                0x10001d30                runtime_run_initializers
 .text.runtime_init_early_resets
                0x10001d58       0x2c CMakeFiles/mqtt.dir/opt/pico-sdk/src/rp2_common/pico_runtime_init/runtime_init.c.obj
                0x10001d58                runtime_init_early_resets
 .text.runtime_init_usb_power_down
                0x10001d84       0x1c CMakeFiles/mqtt.dir/opt/pico-sdk/src/rp2_common/pico_runtime_init/runtime_init.c.obj
                0x10001d84                runtime_init_usb_power_down
 .text.runtime_init_post_clock_resets
                0x10001da0       0x20 CMakeFiles/mqtt.dir/opt/pico-sdk/src/rp2_common/pico_runtime_init/runtime_init.c.obj
                0x10001da0                runtime_init_post_clock_resets
 .text.runtime_init_rp2040_gpio_ie_disable
                0x10001dc0       0x14 CMakeFiles/mqtt.dir/opt/pico-sdk/src/rp2_common/pico_runtime_init/runtime_init.c.obj
                0x10001dc0                runtime_init_rp2040_gpio_ie_disable
 .text.runtime_init_spin_locks_reset
                0x10001dd4        0x8 CMakeFiles/mqtt.dir/opt/pico-sdk/src/rp2_common/pico_runtime_init/runtime_init.c.obj
                0x10001dd4                runtime_init_spin_locks_reset
 .text.runtime_init_install_ram_vector_table
                0x10001ddc       0x1c CMakeFiles/mqtt.dir/opt/pico-sdk/src/rp2_common/pico_runtime_init/runtime_init.c.obj
                0x10001ddc                runtime_init_install_ram_vector_table
 .text.runtime_init_clocks
                0x10001df8       0xd8 CMakeFiles/mqtt.dir/opt/pico-sdk/src/rp2_common/pico_runtime_init/runtime_init_clocks.c.obj
                0x10001df8                runtime_init_clocks
 .text          0x10001ed0       0x10 CMakeFiles/mqtt.dir/opt/pico-sdk/src/rp2_common/pico_bit_ops/bit_ops_aeabi.S.obj
 .text.ctzsi    0x10001ee0        0xc CMakeFiles/mqtt.dir/opt/pico-sdk/src/rp2_common/pico_bit_ops/bit_ops_aeabi.S.obj
                0x10001ee0                __wrap___ctzsi2
 .text.rom_func_lookup
                0x10001eec       0x10 CMakeFiles/mqtt.dir/opt/pico-sdk/src/rp2_common/pico_bootrom/bootrom.c.obj
                0x10001eec                rom_func_lookup
 .text.rom_data_lookup
                0x10001efc       0x10 CMakeFiles/mqtt.dir/opt/pico-sdk/src/rp2_common/pico_bootrom/bootrom.c.obj
                0x10001efc                rom_data_lookup
 .text.rom_funcs_lookup
                0x10001f0c       0x44 CMakeFiles/mqtt.dir/opt/pico-sdk/src/rp2_common/pico_bootrom/bootrom.c.obj
                0x10001f0c                rom_funcs_lookup
 .text.rom_reset_usb_boot
                0x10001f50       0x20 CMakeFiles/mqtt.dir/opt/pico-sdk/src/rp2_common/pico_bootrom/bootrom.c.obj
                0x10001f50                rom_reset_usb_boot
 .text.__wrap___aeabi_idiv
                0x10001f70       0x50 CMakeFiles/mqtt.dir/opt/pico-sdk/src/rp2_common/pico_divider/divider_hardware.S.obj
                0x10001f70                __wrap___aeabi_idivmod
                0x10001f70                divmod_s32s32
                0x10001f70                div_s32s32
                0x10001f70                __wrap___aeabi_idiv
                0x10001f78                divmod_s32s32_unsafe
                0x10001fa4                divmod_s32s32_savestate
 .text.__wrap___aeabi_uidiv
                0x10001fc0       0x4c CMakeFiles/mqtt.dir/opt/pico-sdk/src/rp2_common/pico_divider/divider_hardware.S.obj
                0x10001fc0                __wrap___aeabi_uidiv
                0x10001fc0                __wrap___aeabi_uidivmod
                0x10001fc0                div_u32u32
                0x10001fc0                divmod_u32u32
                0x10001fc8                divmod_u32u32_unsafe
                0x10001ff0                divmod_u32u32_savestate
 .text.__wrap___aeabi_ldiv
                0x1000200c      0x424 CMakeFiles/mqtt.dir/opt/pico-sdk/src/rp2_common/pico_divider/divider_hardware.S.obj
                0x1000200c                div_s64s64
                0x1000200c                divmod_s64s64
                0x1000200c                __wrap___aeabi_ldivmod
                0x1000203c                div_u64u64
                0x1000203c                divmod_u64u64
                0x1000203c                __wrap___aeabi_uldivmod
                0x1000204c                divmod_u64u64_savestate
                0x1000206c                divmod_s64s64_unsafe
                0x100020f4                divmod_u64u64_unsafe
 .text.__wrap___aeabi_darithmetic
                0x10002430       0x60 CMakeFiles/mqtt.dir/opt/pico-sdk/src/rp2_common/pico_double/double_aeabi_rp2040.S.obj
                0x10002430                __wrap___aeabi_drsub
                0x10002436                __wrap___aeabi_dsub
                0x10002440                __wrap___aeabi_dadd
                0x1000244a                __wrap___aeabi_ddiv
                0x1000247e                __wrap___aeabi_dmul
 .text.__wrap___aeabi_cdcmple
                0x10002490       0x6c CMakeFiles/mqtt.dir/opt/pico-sdk/src/rp2_common/pico_double/double_aeabi_rp2040.S.obj
                0x10002490                __wrap___aeabi_cdrcmple
                0x100024a0                __wrap___aeabi_cdcmple
                0x100024a0                __wrap___aeabi_cdcmpeq
 .text.__wrap___aeabi_dcmplt
                0x100024fc        0xc CMakeFiles/mqtt.dir/opt/pico-sdk/src/rp2_common/pico_double/double_aeabi_rp2040.S.obj
                0x100024fc                __wrap___aeabi_dcmplt
 .text.__wrap___aeabi_dcmpge
                0x10002508       0x10 CMakeFiles/mqtt.dir/opt/pico-sdk/src/rp2_common/pico_double/double_aeabi_rp2040.S.obj
                0x10002508                __wrap___aeabi_dcmpge
 .text.__wrap___aeabi_dcmpgt
                0x10002518        0xa CMakeFiles/mqtt.dir/opt/pico-sdk/src/rp2_common/pico_double/double_aeabi_rp2040.S.obj
                0x10002518                __wrap___aeabi_dcmpgt
 .text.__wrap___aeabi_dcmpun
                0x10002522       0x18 CMakeFiles/mqtt.dir/opt/pico-sdk/src/rp2_common/pico_double/double_aeabi_rp2040.S.obj
                0x10002522                __wrap___aeabi_dcmpun
 *fill*         0x1000253a        0x2 
 .text.__wrap___aeabi_i2d
                0x1000253c       0x38 CMakeFiles/mqtt.dir/opt/pico-sdk/src/rp2_common/pico_double/double_aeabi_rp2040.S.obj
                0x1000253c                __wrap___aeabi_ui2d
                0x10002544                __wrap___aeabi_i2d
 .text.__wrap___aeabi_d2iz
                0x10002574       0x48 CMakeFiles/mqtt.dir/opt/pico-sdk/src/rp2_common/pico_double/double_aeabi_rp2040.S.obj
                0x10002574                __wrap___aeabi_d2iz
                0x10002574                double2int_z
 .text.__wrap___aeabi_d2uiz
                0x100025bc       0x10 CMakeFiles/mqtt.dir/opt/pico-sdk/src/rp2_common/pico_double/double_aeabi_rp2040.S.obj
                0x100025bc                double2uint
                0x100025bc                __wrap___aeabi_d2uiz
 .text.__wrap___aeabi_d2f
                0x100025cc       0x10 CMakeFiles/mqtt.dir/opt/pico-sdk/src/rp2_common/pico_double/double_aeabi_rp2040.S.obj
                0x100025cc                __wrap___aeabi_d2f
 .text.missing_double_func_shim
                0x100025dc        0xc CMakeFiles/mqtt.dir/opt/pico-sdk/src/rp2_common/pico_double/double_init_rom_rp2040.c.obj
 .text.__aeabi_double_init
                0x100025e8       0xa0 CMakeFiles/mqtt.dir/opt/pico-sdk/src/rp2_common/pico_double/double_init_rom_rp2040.c.obj
                0x100025e8                __aeabi_double_init
 .text.double_table_shim_on_use_helper
                0x10002688       0x2c CMakeFiles/mqtt.dir/opt/pico-sdk/src/rp2_common/pico_double/double_v1_rom_shim_rp2040.S.obj
                0x10002688                double_table_shim_on_use_helper
 .text.__aeabi_lmul
                0x100026b4       0x32 CMakeFiles/mqtt.dir/opt/pico-sdk/src/rp2_common/pico_int64_ops/pico_int64_ops_aeabi.S.obj
                0x100026b4                __wrap___aeabi_lmul
 *fill*         0x100026e6        0x2 
 .text.__wrap___aeabi_farithmetic
                0x100026e8       0x48 CMakeFiles/mqtt.dir/opt/pico-sdk/src/rp2_common/pico_float/float_aeabi_rp2040.S.obj
                0x100026e8                __wrap___aeabi_frsub
                0x100026ee                __wrap___aeabi_fsub
                0x100026f4                __wrap___aeabi_fadd
                0x100026fa                __wrap___aeabi_fdiv
                0x10002722                __wrap___aeabi_fmul
 .text.__wrap___aeabi_i2f
                0x10002730       0x44 CMakeFiles/mqtt.dir/opt/pico-sdk/src/rp2_common/pico_float/float_aeabi_rp2040.S.obj
                0x10002730                int2float
                0x10002730                __wrap___aeabi_i2f
 .text.__wrap___aeabi_f2d
                0x10002774        0xc CMakeFiles/mqtt.dir/opt/pico-sdk/src/rp2_common/pico_float/float_aeabi_rp2040.S.obj
                0x10002774                __wrap___aeabi_f2d
 .text.missing_float_func_shim
                0x10002780        0xc CMakeFiles/mqtt.dir/opt/pico-sdk/src/rp2_common/pico_float/float_init_rom_rp2040.c.obj
 .text.__aeabi_float_init
                0x1000278c       0x5c CMakeFiles/mqtt.dir/opt/pico-sdk/src/rp2_common/pico_float/float_init_rom_rp2040.c.obj
                0x1000278c                __aeabi_float_init
 .text          0x100027e8       0x10 CMakeFiles/mqtt.dir/opt/pico-sdk/src/rp2_common/pico_mem_ops/mem_ops_aeabi.S.obj
                0x100027e8                __aeabi_mem_init
 .text.memset   0x100027f8        0xc CMakeFiles/mqtt.dir/opt/pico-sdk/src/rp2_common/pico_mem_ops/mem_ops_aeabi.S.obj
                0x100027f8                __wrap_memset
 .text.memcpy   0x10002804        0xc CMakeFiles/mqtt.dir/opt/pico-sdk/src/rp2_common/pico_mem_ops/mem_ops_aeabi.S.obj
                0x10002804                __wrap___aeabi_memcpy
                0x10002804                __wrap_memcpy
 .text._out_buffer
                0x10002810        0x8 CMakeFiles/mqtt.dir/opt/pico-sdk/src/rp2_common/pico_printf/printf.c.obj
 .text._out_null
                0x10002818        0x4 CMakeFiles/mqtt.dir/opt/pico-sdk/src/rp2_common/pico_printf/printf.c.obj
 .text._out_rev
                0x1000281c       0xac CMakeFiles/mqtt.dir/opt/pico-sdk/src/rp2_common/pico_printf/printf.c.obj
 .text._ntoa_format
                0x100028c8      0x250 CMakeFiles/mqtt.dir/opt/pico-sdk/src/rp2_common/pico_printf/printf.c.obj
 .text._out_char
                0x10002b18       0x10 CMakeFiles/mqtt.dir/opt/pico-sdk/src/rp2_common/pico_printf/printf.c.obj
 .text._out_fct
                0x10002b28       0x10 CMakeFiles/mqtt.dir/opt/pico-sdk/src/rp2_common/pico_printf/printf.c.obj
 .text._etoa    0x10002b38      0x464 CMakeFiles/mqtt.dir/opt/pico-sdk/src/rp2_common/pico_printf/printf.c.obj
 .text._ftoa    0x10002f9c      0x3c0 CMakeFiles/mqtt.dir/opt/pico-sdk/src/rp2_common/pico_printf/printf.c.obj
 .text._vsnprintf
                0x1000335c      0xbc8 CMakeFiles/mqtt.dir/opt/pico-sdk/src/rp2_common/pico_printf/printf.c.obj
 .text.__wrap_sprintf
                0x10003f24       0x2c CMakeFiles/mqtt.dir/opt/pico-sdk/src/rp2_common/pico_printf/printf.c.obj
                0x10003f24                __wrap_sprintf
 .text.__wrap_snprintf
                0x10003f50       0x28 CMakeFiles/mqtt.dir/opt/pico-sdk/src/rp2_common/pico_printf/printf.c.obj
                0x10003f50                __wrap_snprintf
 .text.vfctprintf
                0x10003f78       0x20 CMakeFiles/mqtt.dir/opt/pico-sdk/src/rp2_common/pico_printf/printf.c.obj
                0x10003f78                vfctprintf
 .text.weak_raw_vprintf
                0x10003f98       0x30 CMakeFiles/mqtt.dir/opt/pico-sdk/src/rp2_common/pico_printf/printf.c.obj
                0x10003f98                weak_raw_vprintf
 .text._exit    0x10003fc8        0x4 CMakeFiles/mqtt.dir/opt/pico-sdk/src/rp2_common/pico_clib_interface/newlib_interface.c.obj
                0x10003fc8                _exit
 .text.exit     0x10003fcc        0x8 CMakeFiles/mqtt.dir/opt/pico-sdk/src/rp2_common/pico_clib_interface/newlib_interface.c.obj
                0x10003fcc                exit
 .text.runtime_init
                0x10003fd4       0x2c CMakeFiles/mqtt.dir/opt/pico-sdk/src/rp2_common/pico_clib_interface/newlib_interface.c.obj
                0x10003fd4                runtime_init
 .text.stdio_out_chars_no_crlf
                0x10004000       0x10 CMakeFiles/mqtt.dir/opt/pico-sdk/src/rp2_common/pico_stdio/stdio.c.obj
 .text.stdio_out_chars_crlf
                0x10004010       0x94 CMakeFiles/mqtt.dir/opt/pico-sdk/src/rp2_common/pico_stdio/stdio.c.obj
 .text.stdio_buffered_printer
                0x100040a4       0x64 CMakeFiles/mqtt.dir/opt/pico-sdk/src/rp2_common/pico_stdio/stdio.c.obj
 .text.stdio_put_string
                0x10004108      0x100 CMakeFiles/mqtt.dir/opt/pico-sdk/src/rp2_common/pico_stdio/stdio.c.obj
                0x10004108                stdio_put_string
 .text.stdio_set_driver_enabled
                0x10004208       0x30 CMakeFiles/mqtt.dir/opt/pico-sdk/src/rp2_common/pico_stdio/stdio.c.obj
                0x10004208                stdio_set_driver_enabled
 .text.stdio_init_all
                0x10004238        0x8 CMakeFiles/mqtt.dir/opt/pico-sdk/src/rp2_common/pico_stdio/stdio.c.obj
                0x10004238                stdio_init_all
 .text.__wrap_putchar
                0x10004240       0x98 CMakeFiles/mqtt.dir/opt/pico-sdk/src/rp2_common/pico_stdio/stdio.c.obj
                0x10004240                stdio_putchar
                0x10004240                __wrap_putchar
 .text.__wrap_puts
                0x100042d8       0x3c CMakeFiles/mqtt.dir/opt/pico-sdk/src/rp2_common/pico_stdio/stdio.c.obj
                0x100042d8                __wrap_puts
                0x100042d8                stdio_puts
 .text.__wrap_vprintf
                0x10004314       0xd4 CMakeFiles/mqtt.dir/opt/pico-sdk/src/rp2_common/pico_stdio/stdio.c.obj
                0x10004314                __wrap_vprintf
                0x10004314                stdio_vprintf
 .text.__wrap_printf
                0x100043e8       0x18 CMakeFiles/mqtt.dir/opt/pico-sdk/src/rp2_common/pico_stdio/stdio.c.obj
                0x100043e8                stdio_printf
                0x100043e8                __wrap_printf
 .text.resetd_init
                0x10004400        0x4 CMakeFiles/mqtt.dir/opt/pico-sdk/src/rp2_common/pico_stdio_usb/reset_interface.c.obj
 .text.resetd_reset
                0x10004404        0xc CMakeFiles/mqtt.dir/opt/pico-sdk/src/rp2_common/pico_stdio_usb/reset_interface.c.obj
 .text.resetd_open
                0x10004410       0x28 CMakeFiles/mqtt.dir/opt/pico-sdk/src/rp2_common/pico_stdio_usb/reset_interface.c.obj
 .text.resetd_xfer_cb
                0x10004438        0x4 CMakeFiles/mqtt.dir/opt/pico-sdk/src/rp2_common/pico_stdio_usb/reset_interface.c.obj
 .text.resetd_control_xfer_cb
                0x1000443c       0x54 CMakeFiles/mqtt.dir/opt/pico-sdk/src/rp2_common/pico_stdio_usb/reset_interface.c.obj
 .text.tud_descriptor_bos_cb
                0x10004490        0x8 CMakeFiles/mqtt.dir/opt/pico-sdk/src/rp2_common/pico_stdio_usb/reset_interface.c.obj
                0x10004490                tud_descriptor_bos_cb
 .text.tud_vendor_control_xfer_cb
                0x10004498       0x34 CMakeFiles/mqtt.dir/opt/pico-sdk/src/rp2_common/pico_stdio_usb/reset_interface.c.obj
                0x10004498                tud_vendor_control_xfer_cb
 .text.usbd_app_driver_get_cb
                0x100044cc        0xc CMakeFiles/mqtt.dir/opt/pico-sdk/src/rp2_common/pico_stdio_usb/reset_interface.c.obj
                0x100044cc                usbd_app_driver_get_cb
 .text.tud_cdc_line_coding_cb
                0x100044d8       0x28 CMakeFiles/mqtt.dir/opt/pico-sdk/src/rp2_common/pico_stdio_usb/reset_interface.c.obj
                0x100044d8                tud_cdc_line_coding_cb
 .text.stdio_usb_set_chars_available_callback
                0x10004500       0x14 CMakeFiles/mqtt.dir/opt/pico-sdk/src/rp2_common/pico_stdio_usb/stdio_usb.c.obj
                0x10004500                stdio_usb_set_chars_available_callback
 .text.usb_irq  0x10004514       0x10 CMakeFiles/mqtt.dir/opt/pico-sdk/src/rp2_common/pico_stdio_usb/stdio_usb.c.obj
 .text.timer_task
                0x10004524       0x64 CMakeFiles/mqtt.dir/opt/pico-sdk/src/rp2_common/pico_stdio_usb/stdio_usb.c.obj
 .text.stdio_usb_in_chars
                0x10004588       0x90 CMakeFiles/mqtt.dir/opt/pico-sdk/src/rp2_common/pico_stdio_usb/stdio_usb.c.obj
                0x10004588                stdio_usb_in_chars
 .text.stdio_usb_out_flush
                0x10004618       0x50 CMakeFiles/mqtt.dir/opt/pico-sdk/src/rp2_common/pico_stdio_usb/stdio_usb.c.obj
 .text.stdio_usb_out_chars
                0x10004668      0x104 CMakeFiles/mqtt.dir/opt/pico-sdk/src/rp2_common/pico_stdio_usb/stdio_usb.c.obj
 .text.low_priority_worker_irq
                0x1000476c       0xcc CMakeFiles/mqtt.dir/opt/pico-sdk/src/rp2_common/pico_stdio_usb/stdio_usb.c.obj
 .text.stdio_usb_init
                0x10004838       0xe8 CMakeFiles/mqtt.dir/opt/pico-sdk/src/rp2_common/pico_stdio_usb/stdio_usb.c.obj
                0x10004838                stdio_usb_init
 .text.tud_descriptor_device_cb
                0x10004920        0x8 CMakeFiles/mqtt.dir/opt/pico-sdk/src/rp2_common/pico_stdio_usb/stdio_usb_descriptors.c.obj
                0x10004920                tud_descriptor_device_cb
 .text.tud_descriptor_configuration_cb
                0x10004928        0x8 CMakeFiles/mqtt.dir/opt/pico-sdk/src/rp2_common/pico_stdio_usb/stdio_usb_descriptors.c.obj
                0x10004928                tud_descriptor_configuration_cb
 .text.tud_descriptor_string_cb
                0x10004930       0x78 CMakeFiles/mqtt.dir/opt/pico-sdk/src/rp2_common/pico_stdio_usb/stdio_usb_descriptors.c.obj
                0x10004930                tud_descriptor_string_cb
 .text.startup._retrieve_unique_id_on_boot
                0x100049a8       0x10 CMakeFiles/mqtt.dir/opt/pico-sdk/src/rp2_common/pico_unique_id/unique_id.c.obj
 .text.pico_get_unique_board_id
                0x100049b8       0x10 CMakeFiles/mqtt.dir/opt/pico-sdk/src/rp2_common/pico_unique_id/unique_id.c.obj
                0x100049b8                pico_get_unique_board_id
 .text.pico_get_unique_board_id_string
                0x100049c8      0x1a8 CMakeFiles/mqtt.dir/opt/pico-sdk/src/rp2_common/pico_unique_id/unique_id.c.obj
                0x100049c8                pico_get_unique_board_id_string
 .text.flash_get_unique_id
                0x10004b70       0x3c CMakeFiles/mqtt.dir/opt/pico-sdk/src/rp2_common/hardware_flash/flash.c.obj
                0x10004b70                flash_get_unique_id
 .text.dcd_init
                0x10004bac       0x8c CMakeFiles/mqtt.dir/opt/pico-sdk/lib/tinyusb/src/portable/raspberrypi/rp2040/dcd_rp2040.c.obj
                0x10004bac                dcd_init
 .text.dcd_int_enable
                0x10004c38        0xc CMakeFiles/mqtt.dir/opt/pico-sdk/lib/tinyusb/src/portable/raspberrypi/rp2040/dcd_rp2040.c.obj
                0x10004c38                dcd_int_enable
 .text.dcd_set_address
                0x10004c44       0x14 CMakeFiles/mqtt.dir/opt/pico-sdk/lib/tinyusb/src/portable/raspberrypi/rp2040/dcd_rp2040.c.obj
                0x10004c44                dcd_set_address
 .text.dcd_sof_enable
                0x10004c58       0x1c CMakeFiles/mqtt.dir/opt/pico-sdk/lib/tinyusb/src/portable/raspberrypi/rp2040/dcd_rp2040.c.obj
                0x10004c58                dcd_sof_enable
 .text.dcd_edpt0_status_complete
                0x10004c74       0x1c CMakeFiles/mqtt.dir/opt/pico-sdk/lib/tinyusb/src/portable/raspberrypi/rp2040/dcd_rp2040.c.obj
                0x10004c74                dcd_edpt0_status_complete
 .text.dcd_edpt_open
                0x10004c90      0x108 CMakeFiles/mqtt.dir/opt/pico-sdk/lib/tinyusb/src/portable/raspberrypi/rp2040/dcd_rp2040.c.obj
                0x10004c90                dcd_edpt_open
 .text.dcd_edpt_close_all
                0x10004d98        0x8 CMakeFiles/mqtt.dir/opt/pico-sdk/lib/tinyusb/src/portable/raspberrypi/rp2040/dcd_rp2040.c.obj
                0x10004d98                dcd_edpt_close_all
 .text.dcd_edpt_xfer
                0x10004da0       0x24 CMakeFiles/mqtt.dir/opt/pico-sdk/lib/tinyusb/src/portable/raspberrypi/rp2040/dcd_rp2040.c.obj
                0x10004da0                dcd_edpt_xfer
 .text.dcd_edpt_stall
                0x10004dc4       0x34 CMakeFiles/mqtt.dir/opt/pico-sdk/lib/tinyusb/src/portable/raspberrypi/rp2040/dcd_rp2040.c.obj
                0x10004dc4                dcd_edpt_stall
 .text.dcd_edpt_clear_stall
                0x10004df8       0x30 CMakeFiles/mqtt.dir/opt/pico-sdk/lib/tinyusb/src/portable/raspberrypi/rp2040/dcd_rp2040.c.obj
                0x10004df8                dcd_edpt_clear_stall
 .text.rp2040_usb_init
                0x10004e28       0x40 CMakeFiles/mqtt.dir/opt/pico-sdk/lib/tinyusb/src/portable/raspberrypi/rp2040/rp2040_usb.c.obj
                0x10004e28                rp2040_usb_init
 .text.hw_endpoint_xfer_start
                0x10004e68       0x40 CMakeFiles/mqtt.dir/opt/pico-sdk/lib/tinyusb/src/portable/raspberrypi/rp2040/rp2040_usb.c.obj
                0x10004e68                hw_endpoint_xfer_start
 .text.tud_event_hook_cb
                0x10004ea8        0x4 CMakeFiles/mqtt.dir/opt/pico-sdk/lib/tinyusb/src/device/usbd.c.obj
                0x10004ea8                tud_event_hook_cb
 .text.tud_sof_cb
                0x10004eac        0x4 CMakeFiles/mqtt.dir/opt/pico-sdk/lib/tinyusb/src/device/usbd.c.obj
                0x10004eac                tud_sof_cb
 .text.tud_descriptor_device_qualifier_cb
                0x10004eb0        0x4 CMakeFiles/mqtt.dir/opt/pico-sdk/lib/tinyusb/src/device/usbd.c.obj
                0x10004eb0                tud_descriptor_device_qualifier_cb
 .text.tud_descriptor_other_speed_configuration_cb
                0x10004eb4        0x4 CMakeFiles/mqtt.dir/opt/pico-sdk/lib/tinyusb/src/device/usbd.c.obj
                0x10004eb4                tud_descriptor_other_speed_configuration_cb
 .text.tud_mount_cb
                0x10004eb8        0x4 CMakeFiles/mqtt.dir/opt/pico-sdk/lib/tinyusb/src/device/usbd.c.obj
                0x10004eb8                tud_mount_cb
 .text.tud_umount_cb
                0x10004ebc        0x4 CMakeFiles/mqtt.dir/opt/pico-sdk/lib/tinyusb/src/device/usbd.c.obj
                0x10004ebc                tud_umount_cb
 .text.tud_suspend_cb
                0x10004ec0        0x4 CMakeFiles/mqtt.dir/opt/pico-sdk/lib/tinyusb/src/device/usbd.c.obj
                0x10004ec0                tud_suspend_cb
 .text.tud_resume_cb
                0x10004ec4        0x4 CMakeFiles/mqtt.dir/opt/pico-sdk/lib/tinyusb/src/device/usbd.c.obj
                0x10004ec4                tud_resume_cb
 .text.tud_mounted
                0x10004ec8       0x10 CMakeFiles/mqtt.dir/opt/pico-sdk/lib/tinyusb/src/device/usbd.c.obj
                0x10004ec8                tud_mounted
 .text.tud_suspended
                0x10004ed8       0x10 CMakeFiles/mqtt.dir/opt/pico-sdk/lib/tinyusb/src/device/usbd.c.obj
                0x10004ed8                tud_suspended
 .text.tud_init
                0x10004ee8       0xe4 CMakeFiles/mqtt.dir/opt/pico-sdk/lib/tinyusb/src/device/usbd.c.obj
                0x10004ee8                tud_init
 .text.tud_task_ext
                0x10004fcc      0x800 CMakeFiles/mqtt.dir/opt/pico-sdk/lib/tinyusb/src/device/usbd.c.obj
                0x10004fcc                tud_task_ext
 .text.usbd_open_edpt_pair
                0x100057cc       0x9c CMakeFiles/mqtt.dir/opt/pico-sdk/lib/tinyusb/src/device/usbd.c.obj
                0x100057cc                usbd_open_edpt_pair
 .text.usbd_edpt_open
                0x10005868       0x34 CMakeFiles/mqtt.dir/opt/pico-sdk/lib/tinyusb/src/device/usbd.c.obj
                0x10005868                usbd_edpt_open
 .text.usbd_edpt_claim
                0x1000589c       0x28 CMakeFiles/mqtt.dir/opt/pico-sdk/lib/tinyusb/src/device/usbd.c.obj
                0x1000589c                usbd_edpt_claim
 .text.usbd_edpt_release
                0x100058c4       0x28 CMakeFiles/mqtt.dir/opt/pico-sdk/lib/tinyusb/src/device/usbd.c.obj
                0x100058c4                usbd_edpt_release
 .text.usbd_edpt_xfer
                0x100058ec       0x4c CMakeFiles/mqtt.dir/opt/pico-sdk/lib/tinyusb/src/device/usbd.c.obj
                0x100058ec                usbd_edpt_xfer
 .text.tud_control_status
                0x10005938       0x2c CMakeFiles/mqtt.dir/opt/pico-sdk/lib/tinyusb/src/device/usbd_control.c.obj
                0x10005938                tud_control_status
 .text.tud_control_xfer
                0x10005964       0xac CMakeFiles/mqtt.dir/opt/pico-sdk/lib/tinyusb/src/device/usbd_control.c.obj
                0x10005964                tud_control_xfer
 .text.usbd_control_reset
                0x10005a10       0x14 CMakeFiles/mqtt.dir/opt/pico-sdk/lib/tinyusb/src/device/usbd_control.c.obj
                0x10005a10                usbd_control_reset
 .text.usbd_control_set_complete_callback
                0x10005a24        0xc CMakeFiles/mqtt.dir/opt/pico-sdk/lib/tinyusb/src/device/usbd_control.c.obj
                0x10005a24                usbd_control_set_complete_callback
 .text.usbd_control_set_request
                0x10005a30       0x1c CMakeFiles/mqtt.dir/opt/pico-sdk/lib/tinyusb/src/device/usbd_control.c.obj
                0x10005a30                usbd_control_set_request
 .text.usbd_control_xfer_cb
                0x10005a4c       0xec CMakeFiles/mqtt.dir/opt/pico-sdk/lib/tinyusb/src/device/usbd_control.c.obj
                0x10005a4c                usbd_control_xfer_cb
 .text._prep_out_transaction.isra.0
                0x10005b38       0x5c CMakeFiles/mqtt.dir/opt/pico-sdk/lib/tinyusb/src/class/cdc/cdc_device.c.obj
 .text.tud_cdc_n_connected
                0x10005b94       0x30 CMakeFiles/mqtt.dir/opt/pico-sdk/lib/tinyusb/src/class/cdc/cdc_device.c.obj
                0x10005b94                tud_cdc_n_connected
 .text.tud_cdc_n_available
                0x10005bc4       0x18 CMakeFiles/mqtt.dir/opt/pico-sdk/lib/tinyusb/src/class/cdc/cdc_device.c.obj
                0x10005bc4                tud_cdc_n_available
 .text.tud_cdc_n_read
                0x10005bdc       0x98 CMakeFiles/mqtt.dir/opt/pico-sdk/lib/tinyusb/src/class/cdc/cdc_device.c.obj
                0x10005bdc                tud_cdc_n_read
 .text.tud_cdc_n_write_flush
                0x10005c74       0x78 CMakeFiles/mqtt.dir/opt/pico-sdk/lib/tinyusb/src/class/cdc/cdc_device.c.obj
                0x10005c74                tud_cdc_n_write_flush
 .text.tud_cdc_n_write
                0x10005cec       0x40 CMakeFiles/mqtt.dir/opt/pico-sdk/lib/tinyusb/src/class/cdc/cdc_device.c.obj
                0x10005cec                tud_cdc_n_write
 .text.tud_cdc_n_write_available
                0x10005d2c       0x18 CMakeFiles/mqtt.dir/opt/pico-sdk/lib/tinyusb/src/class/cdc/cdc_device.c.obj
                0x10005d2c                tud_cdc_n_write_available
 .text.cdcd_init
                0x10005d44       0x7c CMakeFiles/mqtt.dir/opt/pico-sdk/lib/tinyusb/src/class/cdc/cdc_device.c.obj
                0x10005d44                cdcd_init
 .text.cdcd_deinit
                0x10005dc0       0x34 CMakeFiles/mqtt.dir/opt/pico-sdk/lib/tinyusb/src/class/cdc/cdc_device.c.obj
                0x10005dc0                cdcd_deinit
 .text.cdcd_reset
                0x10005df4       0x4c CMakeFiles/mqtt.dir/opt/pico-sdk/lib/tinyusb/src/class/cdc/cdc_device.c.obj
                0x10005df4                cdcd_reset
 .text.cdcd_open
                0x10005e40       0xb0 CMakeFiles/mqtt.dir/opt/pico-sdk/lib/tinyusb/src/class/cdc/cdc_device.c.obj
                0x10005e40                cdcd_open
 .text.cdcd_control_xfer_cb
                0x10005ef0       0xe4 CMakeFiles/mqtt.dir/opt/pico-sdk/lib/tinyusb/src/class/cdc/cdc_device.c.obj
                0x10005ef0                cdcd_control_xfer_cb
 .text.cdcd_xfer_cb
                0x10005fd4      0x100 CMakeFiles/mqtt.dir/opt/pico-sdk/lib/tinyusb/src/class/cdc/cdc_device.c.obj
                0x10005fd4                cdcd_xfer_cb
 .text.tud_vendor_n_write_flush
                0x100060d4       0x78 CMakeFiles/mqtt.dir/opt/pico-sdk/lib/tinyusb/src/class/vendor/vendor_device.c.obj
                0x100060d4                tud_vendor_n_write_flush
 .text.vendord_init
                0x1000614c       0x64 CMakeFiles/mqtt.dir/opt/pico-sdk/lib/tinyusb/src/class/vendor/vendor_device.c.obj
                0x1000614c                vendord_init
 .text.vendord_deinit
                0x100061b0       0x34 CMakeFiles/mqtt.dir/opt/pico-sdk/lib/tinyusb/src/class/vendor/vendor_device.c.obj
                0x100061b0                vendord_deinit
 .text.vendord_reset
                0x100061e4       0x1c CMakeFiles/mqtt.dir/opt/pico-sdk/lib/tinyusb/src/class/vendor/vendor_device.c.obj
                0x100061e4                vendord_reset
 .text.vendord_open
                0x10006200       0xd8 CMakeFiles/mqtt.dir/opt/pico-sdk/lib/tinyusb/src/class/vendor/vendor_device.c.obj
                0x10006200                vendord_open
 .text.vendord_xfer_cb
                0x100062d8       0xc8 CMakeFiles/mqtt.dir/opt/pico-sdk/lib/tinyusb/src/class/vendor/vendor_device.c.obj
                0x100062d8                vendord_xfer_cb
 .text.tusb_init
                0x100063a0        0xc CMakeFiles/mqtt.dir/opt/pico-sdk/lib/tinyusb/src/tusb.c.obj
                0x100063a0                tusb_init
 .text.tu_edpt_claim
                0x100063ac       0x50 CMakeFiles/mqtt.dir/opt/pico-sdk/lib/tinyusb/src/tusb.c.obj
                0x100063ac                tu_edpt_claim
 .text.tu_edpt_release
                0x100063fc       0x38 CMakeFiles/mqtt.dir/opt/pico-sdk/lib/tinyusb/src/tusb.c.obj
                0x100063fc                tu_edpt_release
 .text.tu_edpt_validate
                0x10006434       0x7c CMakeFiles/mqtt.dir/opt/pico-sdk/lib/tinyusb/src/tusb.c.obj
                0x10006434                tu_edpt_validate
 .text.tu_edpt_bind_driver
                0x100064b0       0x34 CMakeFiles/mqtt.dir/opt/pico-sdk/lib/tinyusb/src/tusb.c.obj
                0x100064b0                tu_edpt_bind_driver
 .text.tu_fifo_config
                0x100064e4       0x6c CMakeFiles/mqtt.dir/opt/pico-sdk/lib/tinyusb/src/common/tusb_fifo.c.obj
                0x100064e4                tu_fifo_config
 .text.tu_fifo_count
                0x10006550       0x2c CMakeFiles/mqtt.dir/opt/pico-sdk/lib/tinyusb/src/common/tusb_fifo.c.obj
                0x10006550                tu_fifo_count
 .text.tu_fifo_empty
                0x1000657c       0x10 CMakeFiles/mqtt.dir/opt/pico-sdk/lib/tinyusb/src/common/tusb_fifo.c.obj
                0x1000657c                tu_fifo_empty
 .text.tu_fifo_remaining
                0x1000658c       0x2c CMakeFiles/mqtt.dir/opt/pico-sdk/lib/tinyusb/src/common/tusb_fifo.c.obj
                0x1000658c                tu_fifo_remaining
 .text.tu_fifo_read
                0x100065b8       0x9c CMakeFiles/mqtt.dir/opt/pico-sdk/lib/tinyusb/src/common/tusb_fifo.c.obj
                0x100065b8                tu_fifo_read
 .text.tu_fifo_read_n
                0x10006654       0xe8 CMakeFiles/mqtt.dir/opt/pico-sdk/lib/tinyusb/src/common/tusb_fifo.c.obj
                0x10006654                tu_fifo_read_n
 .text.tu_fifo_write
                0x1000673c       0xa8 CMakeFiles/mqtt.dir/opt/pico-sdk/lib/tinyusb/src/common/tusb_fifo.c.obj
                0x1000673c                tu_fifo_write
 .text.tu_fifo_write_n
                0x100067e4      0x178 CMakeFiles/mqtt.dir/opt/pico-sdk/lib/tinyusb/src/common/tusb_fifo.c.obj
                0x100067e4                tu_fifo_write_n
 .text.tu_fifo_clear
                0x1000695c       0x40 CMakeFiles/mqtt.dir/opt/pico-sdk/lib/tinyusb/src/common/tusb_fifo.c.obj
                0x1000695c                tu_fifo_clear
 .text.tu_fifo_set_overwritable
                0x1000699c       0x48 CMakeFiles/mqtt.dir/opt/pico-sdk/lib/tinyusb/src/common/tusb_fifo.c.obj
                0x1000699c                tu_fifo_set_overwritable
 .text.lwip_timeout_reached
                0x100069e4        0x8 CMakeFiles/mqtt.dir/opt/pico-sdk/src/rp2_common/pico_lwip/lwip_nosys.c.obj
 .text.update_next_timeout
                0x100069ec       0x60 CMakeFiles/mqtt.dir/opt/pico-sdk/src/rp2_common/pico_lwip/lwip_nosys.c.obj
 .text.lwip_nosys_init
                0x10006a4c       0x30 CMakeFiles/mqtt.dir/opt/pico-sdk/src/rp2_common/pico_lwip/lwip_nosys.c.obj
                0x10006a4c                lwip_nosys_init
 .text.lwip_nosys_deinit
                0x10006a7c       0x20 CMakeFiles/mqtt.dir/opt/pico-sdk/src/rp2_common/pico_lwip/lwip_nosys.c.obj
                0x10006a7c                lwip_nosys_deinit
 .text.sys_arch_protect
                0x10006a9c        0x4 CMakeFiles/mqtt.dir/opt/pico-sdk/src/rp2_common/pico_lwip/lwip_nosys.c.obj
                0x10006a9c                sys_arch_protect
 .text.sys_arch_unprotect
                0x10006aa0        0x4 CMakeFiles/mqtt.dir/opt/pico-sdk/src/rp2_common/pico_lwip/lwip_nosys.c.obj
                0x10006aa0                sys_arch_unprotect
 .text.sys_now  0x10006aa4       0x20 CMakeFiles/mqtt.dir/opt/pico-sdk/src/rp2_common/pico_lwip/lwip_nosys.c.obj
                0x10006aa4                sys_now
 .text.async_context_base_add_at_time_worker
                0x10006ac4       0x24 CMakeFiles/mqtt.dir/opt/pico-sdk/src/rp2_common/pico_async_context/async_context_base.c.obj
                0x10006ac4                async_context_base_add_at_time_worker
 .text.async_context_base_remove_at_time_worker
                0x10006ae8       0x28 CMakeFiles/mqtt.dir/opt/pico-sdk/src/rp2_common/pico_async_context/async_context_base.c.obj
                0x10006ae8                async_context_base_remove_at_time_worker
 .text.async_context_base_add_when_pending_worker
                0x10006b10       0x24 CMakeFiles/mqtt.dir/opt/pico-sdk/src/rp2_common/pico_async_context/async_context_base.c.obj
                0x10006b10                async_context_base_add_when_pending_worker
 .text.async_context_base_remove_when_pending_worker
                0x10006b34       0x28 CMakeFiles/mqtt.dir/opt/pico-sdk/src/rp2_common/pico_async_context/async_context_base.c.obj
                0x10006b34                async_context_base_remove_when_pending_worker
 .text.async_context_base_execute_once
                0x10006b5c      0x108 CMakeFiles/mqtt.dir/opt/pico-sdk/src/rp2_common/pico_async_context/async_context_base.c.obj
                0x10006b5c                async_context_base_execute_once
 .text.splitmix64
                0x10006c64       0x58 CMakeFiles/mqtt.dir/opt/pico-sdk/src/rp2_common/pico_rand/rand.c.obj
 .text.xoroshiro128ss
                0x10006cbc       0x90 CMakeFiles/mqtt.dir/opt/pico-sdk/src/rp2_common/pico_rand/rand.c.obj
 .text.get_rand_64
                0x10006d4c      0x42c CMakeFiles/mqtt.dir/opt/pico-sdk/src/rp2_common/pico_rand/rand.c.obj
                0x10006d4c                get_rand_64
 .text.get_rand_32
                0x10007178        0x8 CMakeFiles/mqtt.dir/opt/pico-sdk/src/rp2_common/pico_rand/rand.c.obj
                0x10007178                get_rand_32
 .text.lwip_init
                0x10007180       0x24 CMakeFiles/mqtt.dir/opt/pico-sdk/lib/lwip/src/core/init.c.obj
                0x10007180                lwip_init
 .text.lwip_htons
                0x100071a4        0x8 CMakeFiles/mqtt.dir/opt/pico-sdk/lib/lwip/src/core/def.c.obj
                0x100071a4                lwip_htons
 .text.lwip_htonl
                0x100071ac        0x4 CMakeFiles/mqtt.dir/opt/pico-sdk/lib/lwip/src/core/def.c.obj
                0x100071ac                lwip_htonl
 .text.lwip_strnicmp
                0x100071b0       0x40 CMakeFiles/mqtt.dir/opt/pico-sdk/lib/lwip/src/core/def.c.obj
                0x100071b0                lwip_strnicmp
 .text.dns_call_found
                0x100071f0      0x184 CMakeFiles/mqtt.dir/opt/pico-sdk/lib/lwip/src/core/dns.c.obj
 .text.dns_send.isra.0
                0x10007374      0x174 CMakeFiles/mqtt.dir/opt/pico-sdk/lib/lwip/src/core/dns.c.obj
 .text.dns_check_entry
                0x100074e8      0x130 CMakeFiles/mqtt.dir/opt/pico-sdk/lib/lwip/src/core/dns.c.obj
 .text.dns_recv
                0x10007618      0x380 CMakeFiles/mqtt.dir/opt/pico-sdk/lib/lwip/src/core/dns.c.obj
 .text.dns_init
                0x10007998        0x4 CMakeFiles/mqtt.dir/opt/pico-sdk/lib/lwip/src/core/dns.c.obj
                0x10007998                dns_init
 .text.dns_setserver
                0x1000799c       0x24 CMakeFiles/mqtt.dir/opt/pico-sdk/lib/lwip/src/core/dns.c.obj
                0x1000799c                dns_setserver
 .text.dns_tmr  0x100079c0      0x140 CMakeFiles/mqtt.dir/opt/pico-sdk/lib/lwip/src/core/dns.c.obj
                0x100079c0                dns_tmr
 .text.dns_gethostbyname_addrtype
                0x10007b00      0x5e0 CMakeFiles/mqtt.dir/opt/pico-sdk/lib/lwip/src/core/dns.c.obj
                0x10007b00                dns_gethostbyname_addrtype
 .text.dns_gethostbyname
                0x100080e0       0x10 CMakeFiles/mqtt.dir/opt/pico-sdk/lib/lwip/src/core/dns.c.obj
                0x100080e0                dns_gethostbyname
 .text.lwip_standard_chksum
                0x100080f0       0xdc CMakeFiles/mqtt.dir/opt/pico-sdk/lib/lwip/src/core/inet_chksum.c.obj
                0x100080f0                lwip_standard_chksum
 .text.inet_chksum_pseudo
                0x100081cc       0xbc CMakeFiles/mqtt.dir/opt/pico-sdk/lib/lwip/src/core/inet_chksum.c.obj
                0x100081cc                inet_chksum_pseudo
 .text.ip_chksum_pseudo
                0x10008288       0x10 CMakeFiles/mqtt.dir/opt/pico-sdk/lib/lwip/src/core/inet_chksum.c.obj
                0x10008288                ip_chksum_pseudo
 .text.inet_chksum
                0x10008298        0xc CMakeFiles/mqtt.dir/opt/pico-sdk/lib/lwip/src/core/inet_chksum.c.obj
                0x10008298                inet_chksum
 .text.inet_chksum_pbuf
                0x100082a4       0x78 CMakeFiles/mqtt.dir/opt/pico-sdk/lib/lwip/src/core/inet_chksum.c.obj
                0x100082a4                inet_chksum_pbuf
 .text.mem_init
                0x1000831c       0x3c CMakeFiles/mqtt.dir/opt/pico-sdk/lib/lwip/src/core/mem.c.obj
                0x1000831c                mem_init
 .text.mem_free
                0x10008358      0x130 CMakeFiles/mqtt.dir/opt/pico-sdk/lib/lwip/src/core/mem.c.obj
                0x10008358                mem_free
 .text.mem_trim
                0x10008488      0x104 CMakeFiles/mqtt.dir/opt/pico-sdk/lib/lwip/src/core/mem.c.obj
                0x10008488                mem_trim
 .text.mem_malloc
                0x1000858c      0x124 CMakeFiles/mqtt.dir/opt/pico-sdk/lib/lwip/src/core/mem.c.obj
                0x1000858c                mem_malloc
 .text.memp_init
                0x100086b0       0x6c CMakeFiles/mqtt.dir/opt/pico-sdk/lib/lwip/src/core/memp.c.obj
                0x100086b0                memp_init
 .text.memp_malloc
                0x1000871c       0x40 CMakeFiles/mqtt.dir/opt/pico-sdk/lib/lwip/src/core/memp.c.obj
                0x1000871c                memp_malloc
 .text.memp_free
                0x1000875c       0x38 CMakeFiles/mqtt.dir/opt/pico-sdk/lib/lwip/src/core/memp.c.obj
                0x1000875c                memp_free
 .text.netif_null_output_ip4
                0x10008794        0x8 CMakeFiles/mqtt.dir/opt/pico-sdk/lib/lwip/src/core/netif.c.obj
 .text.netif_do_set_ipaddr.isra.0
                0x1000879c       0x60 CMakeFiles/mqtt.dir/opt/pico-sdk/lib/lwip/src/core/netif.c.obj
 .text.netif_init
                0x100087fc        0x4 CMakeFiles/mqtt.dir/opt/pico-sdk/lib/lwip/src/core/netif.c.obj
                0x100087fc                netif_init
 .text.netif_add
                0x10008800      0x16c CMakeFiles/mqtt.dir/opt/pico-sdk/lib/lwip/src/core/netif.c.obj
                0x10008800                netif_add
 .text.netif_set_ipaddr
                0x1000896c       0x70 CMakeFiles/mqtt.dir/opt/pico-sdk/lib/lwip/src/core/netif.c.obj
                0x1000896c                netif_set_ipaddr
 .text.netif_set_netmask
                0x100089dc       0x1c CMakeFiles/mqtt.dir/opt/pico-sdk/lib/lwip/src/core/netif.c.obj
                0x100089dc                netif_set_netmask
 .text.netif_set_gw
                0x100089f8       0x1c CMakeFiles/mqtt.dir/opt/pico-sdk/lib/lwip/src/core/netif.c.obj
                0x100089f8                netif_set_gw
 .text.netif_set_addr
                0x10008a14       0xb4 CMakeFiles/mqtt.dir/opt/pico-sdk/lib/lwip/src/core/netif.c.obj
                0x10008a14                netif_set_addr
 .text.netif_remove
                0x10008ac8       0x94 CMakeFiles/mqtt.dir/opt/pico-sdk/lib/lwip/src/core/netif.c.obj
                0x10008ac8                netif_remove
 .text.netif_set_default
                0x10008b5c        0xc CMakeFiles/mqtt.dir/opt/pico-sdk/lib/lwip/src/core/netif.c.obj
                0x10008b5c                netif_set_default
 .text.netif_set_up
                0x10008b68       0x40 CMakeFiles/mqtt.dir/opt/pico-sdk/lib/lwip/src/core/netif.c.obj
                0x10008b68                netif_set_up
 .text.netif_set_link_up
                0x10008ba8       0x44 CMakeFiles/mqtt.dir/opt/pico-sdk/lib/lwip/src/core/netif.c.obj
                0x10008ba8                netif_set_link_up
 .text.netif_set_link_down
                0x10008bec       0x20 CMakeFiles/mqtt.dir/opt/pico-sdk/lib/lwip/src/core/netif.c.obj
                0x10008bec                netif_set_link_down
 .text.netif_get_by_index
                0x10008c0c       0x2c CMakeFiles/mqtt.dir/opt/pico-sdk/lib/lwip/src/core/netif.c.obj
                0x10008c0c                netif_get_by_index
 .text.pbuf_free.part.0
                0x10008c38       0x7c CMakeFiles/mqtt.dir/opt/pico-sdk/lib/lwip/src/core/pbuf.c.obj
 .text.pbuf_free_ooseq
                0x10008cb4       0x34 CMakeFiles/mqtt.dir/opt/pico-sdk/lib/lwip/src/core/pbuf.c.obj
                0x10008cb4                pbuf_free_ooseq
 .text.pbuf_alloc
                0x10008ce8      0x134 CMakeFiles/mqtt.dir/opt/pico-sdk/lib/lwip/src/core/pbuf.c.obj
                0x10008ce8                pbuf_alloc
 .text.pbuf_realloc
                0x10008e1c       0x84 CMakeFiles/mqtt.dir/opt/pico-sdk/lib/lwip/src/core/pbuf.c.obj
                0x10008e1c                pbuf_realloc
 .text.pbuf_add_header
                0x10008ea0       0x50 CMakeFiles/mqtt.dir/opt/pico-sdk/lib/lwip/src/core/pbuf.c.obj
                0x10008ea0                pbuf_add_header
 .text.pbuf_remove_header
                0x10008ef0       0x3c CMakeFiles/mqtt.dir/opt/pico-sdk/lib/lwip/src/core/pbuf.c.obj
                0x10008ef0                pbuf_remove_header
 .text.pbuf_header_force
                0x10008f2c       0x68 CMakeFiles/mqtt.dir/opt/pico-sdk/lib/lwip/src/core/pbuf.c.obj
                0x10008f2c                pbuf_header_force
 .text.pbuf_free_header
                0x10008f94       0x44 CMakeFiles/mqtt.dir/opt/pico-sdk/lib/lwip/src/core/pbuf.c.obj
                0x10008f94                pbuf_free_header
 .text.pbuf_free
                0x10008fd8       0x18 CMakeFiles/mqtt.dir/opt/pico-sdk/lib/lwip/src/core/pbuf.c.obj
                0x10008fd8                pbuf_free
 .text.pbuf_clen
                0x10008ff0       0x14 CMakeFiles/mqtt.dir/opt/pico-sdk/lib/lwip/src/core/pbuf.c.obj
                0x10008ff0                pbuf_clen
 .text.pbuf_ref
                0x10009004       0x28 CMakeFiles/mqtt.dir/opt/pico-sdk/lib/lwip/src/core/pbuf.c.obj
                0x10009004                pbuf_ref
 .text.pbuf_cat
                0x1000902c       0x44 CMakeFiles/mqtt.dir/opt/pico-sdk/lib/lwip/src/core/pbuf.c.obj
                0x1000902c                pbuf_cat
 .text.pbuf_chain
                0x10009070       0x64 CMakeFiles/mqtt.dir/opt/pico-sdk/lib/lwip/src/core/pbuf.c.obj
                0x10009070                pbuf_chain
 .text.pbuf_copy_partial_pbuf
                0x100090d4      0x148 CMakeFiles/mqtt.dir/opt/pico-sdk/lib/lwip/src/core/pbuf.c.obj
                0x100090d4                pbuf_copy_partial_pbuf
 .text.pbuf_copy
                0x1000921c       0x18 CMakeFiles/mqtt.dir/opt/pico-sdk/lib/lwip/src/core/pbuf.c.obj
                0x1000921c                pbuf_copy
 .text.pbuf_copy_partial
                0x10009234       0x68 CMakeFiles/mqtt.dir/opt/pico-sdk/lib/lwip/src/core/pbuf.c.obj
                0x10009234                pbuf_copy_partial
 .text.pbuf_take
                0x1000929c       0x78 CMakeFiles/mqtt.dir/opt/pico-sdk/lib/lwip/src/core/pbuf.c.obj
                0x1000929c                pbuf_take
 .text.pbuf_take_at
                0x10009314       0xcc CMakeFiles/mqtt.dir/opt/pico-sdk/lib/lwip/src/core/pbuf.c.obj
                0x10009314                pbuf_take_at
 .text.pbuf_clone
                0x100093e0       0x30 CMakeFiles/mqtt.dir/opt/pico-sdk/lib/lwip/src/core/pbuf.c.obj
                0x100093e0                pbuf_clone
 .text.pbuf_get_at
                0x10009410       0x20 CMakeFiles/mqtt.dir/opt/pico-sdk/lib/lwip/src/core/pbuf.c.obj
                0x10009410                pbuf_get_at
 .text.pbuf_try_get_at
                0x10009430       0x28 CMakeFiles/mqtt.dir/opt/pico-sdk/lib/lwip/src/core/pbuf.c.obj
                0x10009430                pbuf_try_get_at
 .text.pbuf_put_at
                0x10009458       0x1c CMakeFiles/mqtt.dir/opt/pico-sdk/lib/lwip/src/core/pbuf.c.obj
                0x10009458                pbuf_put_at
 .text.pbuf_memcmp
                0x10009474       0x6c CMakeFiles/mqtt.dir/opt/pico-sdk/lib/lwip/src/core/pbuf.c.obj
                0x10009474                pbuf_memcmp
 .text.pbuf_memfind
                0x100094e0       0xb0 CMakeFiles/mqtt.dir/opt/pico-sdk/lib/lwip/src/core/pbuf.c.obj
                0x100094e0                pbuf_memfind
 .text.raw_input
                0x10009590      0x164 CMakeFiles/mqtt.dir/opt/pico-sdk/lib/lwip/src/core/raw.c.obj
                0x10009590                raw_input
 .text.raw_netif_ip_addr_changed
                0x100096f4       0x40 CMakeFiles/mqtt.dir/opt/pico-sdk/lib/lwip/src/core/raw.c.obj
                0x100096f4                raw_netif_ip_addr_changed
 .text.stats_init
                0x10009734        0x4 CMakeFiles/mqtt.dir/opt/pico-sdk/lib/lwip/src/core/stats.c.obj
                0x10009734                stats_init
 .text.tcp_close_shutdown_fin
                0x10009738       0x54 CMakeFiles/mqtt.dir/opt/pico-sdk/lib/lwip/src/core/tcp.c.obj
 .text.tcp_pcb_purge.part.0
                0x1000978c       0xc4 CMakeFiles/mqtt.dir/opt/pico-sdk/lib/lwip/src/core/tcp.c.obj
 .text.tcp_init
                0x10009850       0x20 CMakeFiles/mqtt.dir/opt/pico-sdk/lib/lwip/src/core/tcp.c.obj
                0x10009850                tcp_init
 .text.tcp_free
                0x10009870       0x1c CMakeFiles/mqtt.dir/opt/pico-sdk/lib/lwip/src/core/tcp.c.obj
                0x10009870                tcp_free
 .text.tcp_update_rcv_ann_wnd
                0x1000988c       0x58 CMakeFiles/mqtt.dir/opt/pico-sdk/lib/lwip/src/core/tcp.c.obj
                0x1000988c                tcp_update_rcv_ann_wnd
 .text.tcp_recved
                0x100098e4       0x98 CMakeFiles/mqtt.dir/opt/pico-sdk/lib/lwip/src/core/tcp.c.obj
                0x100098e4                tcp_recved
 .text.tcp_connect
                0x1000997c      0x1bc CMakeFiles/mqtt.dir/opt/pico-sdk/lib/lwip/src/core/tcp.c.obj
                0x1000997c                tcp_connect
 .text.tcp_slowtmr
                0x10009b38      0x524 CMakeFiles/mqtt.dir/opt/pico-sdk/lib/lwip/src/core/tcp.c.obj
                0x10009b38                tcp_slowtmr
 .text.tcp_segs_free
                0x1000a05c       0x38 CMakeFiles/mqtt.dir/opt/pico-sdk/lib/lwip/src/core/tcp.c.obj
                0x1000a05c                tcp_segs_free
 .text.tcp_seg_free
                0x1000a094       0x1c CMakeFiles/mqtt.dir/opt/pico-sdk/lib/lwip/src/core/tcp.c.obj
                0x1000a094                tcp_seg_free
 .text.tcp_seg_copy
                0x1000a0b0       0x2c CMakeFiles/mqtt.dir/opt/pico-sdk/lib/lwip/src/core/tcp.c.obj
                0x1000a0b0                tcp_seg_copy
 .text.tcp_arg  0x1000a0dc        0x8 CMakeFiles/mqtt.dir/opt/pico-sdk/lib/lwip/src/core/tcp.c.obj
                0x1000a0dc                tcp_arg
 .text.tcp_recv
                0x1000a0e4       0x1c CMakeFiles/mqtt.dir/opt/pico-sdk/lib/lwip/src/core/tcp.c.obj
                0x1000a0e4                tcp_recv
 .text.tcp_sent
                0x1000a100       0x1c CMakeFiles/mqtt.dir/opt/pico-sdk/lib/lwip/src/core/tcp.c.obj
                0x1000a100                tcp_sent
 .text.tcp_err  0x1000a11c       0x1c CMakeFiles/mqtt.dir/opt/pico-sdk/lib/lwip/src/core/tcp.c.obj
                0x1000a11c                tcp_err
 .text.tcp_poll
                0x1000a138       0x20 CMakeFiles/mqtt.dir/opt/pico-sdk/lib/lwip/src/core/tcp.c.obj
                0x1000a138                tcp_poll
 .text.tcp_pcb_purge
                0x1000a158       0x18 CMakeFiles/mqtt.dir/opt/pico-sdk/lib/lwip/src/core/tcp.c.obj
                0x1000a158                tcp_pcb_purge
 .text.tcp_pcb_remove
                0x1000a170       0xc8 CMakeFiles/mqtt.dir/opt/pico-sdk/lib/lwip/src/core/tcp.c.obj
                0x1000a170                tcp_pcb_remove
 .text.tcp_abandon
                0x1000a238      0x1a0 CMakeFiles/mqtt.dir/opt/pico-sdk/lib/lwip/src/core/tcp.c.obj
                0x1000a238                tcp_abandon
 .text.tcp_abort
                0x1000a3d8        0xc CMakeFiles/mqtt.dir/opt/pico-sdk/lib/lwip/src/core/tcp.c.obj
                0x1000a3d8                tcp_abort
 .text.tcp_alloc
                0x1000a3e4      0x1d4 CMakeFiles/mqtt.dir/opt/pico-sdk/lib/lwip/src/core/tcp.c.obj
                0x1000a3e4                tcp_alloc
 .text.tcp_new  0x1000a5b8        0xc CMakeFiles/mqtt.dir/opt/pico-sdk/lib/lwip/src/core/tcp.c.obj
                0x1000a5b8                tcp_new
 .text.tcp_close_shutdown
                0x1000a5c4      0x188 CMakeFiles/mqtt.dir/opt/pico-sdk/lib/lwip/src/core/tcp.c.obj
 .text.tcp_recv_null
                0x1000a74c       0xcc CMakeFiles/mqtt.dir/opt/pico-sdk/lib/lwip/src/core/tcp.c.obj
                0x1000a74c                tcp_recv_null
 .text.tcp_process_refused_data
                0x1000a818       0x78 CMakeFiles/mqtt.dir/opt/pico-sdk/lib/lwip/src/core/tcp.c.obj
                0x1000a818                tcp_process_refused_data
 .text.tcp_fasttmr
                0x1000a890       0x98 CMakeFiles/mqtt.dir/opt/pico-sdk/lib/lwip/src/core/tcp.c.obj
                0x1000a890                tcp_fasttmr
 .text.tcp_tmr  0x1000a928       0x20 CMakeFiles/mqtt.dir/opt/pico-sdk/lib/lwip/src/core/tcp.c.obj
                0x1000a928                tcp_tmr
 .text.tcp_close
                0x1000a948      0x170 CMakeFiles/mqtt.dir/opt/pico-sdk/lib/lwip/src/core/tcp.c.obj
                0x1000a948                tcp_close
 .text.tcp_next_iss
                0x1000aab8       0x28 CMakeFiles/mqtt.dir/opt/pico-sdk/lib/lwip/src/core/tcp.c.obj
                0x1000aab8                tcp_next_iss
 .text.tcp_eff_send_mss_netif
                0x1000aae0       0x34 CMakeFiles/mqtt.dir/opt/pico-sdk/lib/lwip/src/core/tcp.c.obj
                0x1000aae0                tcp_eff_send_mss_netif
 .text.tcp_netif_ip_addr_changed
                0x1000ab14       0x94 CMakeFiles/mqtt.dir/opt/pico-sdk/lib/lwip/src/core/tcp.c.obj
                0x1000ab14                tcp_netif_ip_addr_changed
 .text.tcp_free_ooseq
                0x1000aba8       0x40 CMakeFiles/mqtt.dir/opt/pico-sdk/lib/lwip/src/core/tcp.c.obj
                0x1000aba8                tcp_free_ooseq
 .text.tcp_parseopt
                0x1000abe8      0x1bc CMakeFiles/mqtt.dir/opt/pico-sdk/lib/lwip/src/core/tcp_in.c.obj
 .text.tcp_oos_insert_segment
                0x1000ada4       0xdc CMakeFiles/mqtt.dir/opt/pico-sdk/lib/lwip/src/core/tcp_in.c.obj
 .text.tcp_free_acked_segments.isra.0
                0x1000ae80       0xdc CMakeFiles/mqtt.dir/opt/pico-sdk/lib/lwip/src/core/tcp_in.c.obj
 .text.tcp_receive
                0x1000af5c      0xa00 CMakeFiles/mqtt.dir/opt/pico-sdk/lib/lwip/src/core/tcp_in.c.obj
 .text.tcp_input
                0x1000b95c      0xe54 CMakeFiles/mqtt.dir/opt/pico-sdk/lib/lwip/src/core/tcp_in.c.obj
                0x1000b95c                tcp_input
 .text.tcp_trigger_input_pcb_close
                0x1000c7b0       0x10 CMakeFiles/mqtt.dir/opt/pico-sdk/lib/lwip/src/core/tcp_in.c.obj
                0x1000c7b0                tcp_trigger_input_pcb_close
 .text.tcp_create_segment
                0x1000c7c0       0xf8 CMakeFiles/mqtt.dir/opt/pico-sdk/lib/lwip/src/core/tcp_out.c.obj
 .text.tcp_output_control_segment
                0x1000c8b8       0xc0 CMakeFiles/mqtt.dir/opt/pico-sdk/lib/lwip/src/core/tcp_out.c.obj
 .text.tcp_output_alloc_header.constprop.0
                0x1000c978       0xc8 CMakeFiles/mqtt.dir/opt/pico-sdk/lib/lwip/src/core/tcp_out.c.obj
 .text.tcp_write
                0x1000ca40      0x468 CMakeFiles/mqtt.dir/opt/pico-sdk/lib/lwip/src/core/tcp_out.c.obj
                0x1000ca40                tcp_write
 .text.tcp_split_unsent_seg
                0x1000cea8      0x1b4 CMakeFiles/mqtt.dir/opt/pico-sdk/lib/lwip/src/core/tcp_out.c.obj
                0x1000cea8                tcp_split_unsent_seg
 .text.tcp_send_fin
                0x1000d05c      0x118 CMakeFiles/mqtt.dir/opt/pico-sdk/lib/lwip/src/core/tcp_out.c.obj
                0x1000d05c                tcp_send_fin
 .text.tcp_enqueue_flags
                0x1000d174      0x108 CMakeFiles/mqtt.dir/opt/pico-sdk/lib/lwip/src/core/tcp_out.c.obj
                0x1000d174                tcp_enqueue_flags
 .text.tcp_rexmit_rto_prepare
                0x1000d27c       0x9c CMakeFiles/mqtt.dir/opt/pico-sdk/lib/lwip/src/core/tcp_out.c.obj
                0x1000d27c                tcp_rexmit_rto_prepare
 .text.tcp_rexmit
                0x1000d318       0x9c CMakeFiles/mqtt.dir/opt/pico-sdk/lib/lwip/src/core/tcp_out.c.obj
                0x1000d318                tcp_rexmit
 .text.tcp_rexmit_fast
                0x1000d3b4       0x64 CMakeFiles/mqtt.dir/opt/pico-sdk/lib/lwip/src/core/tcp_out.c.obj
                0x1000d3b4                tcp_rexmit_fast
 .text.tcp_rst  0x1000d418       0xe8 CMakeFiles/mqtt.dir/opt/pico-sdk/lib/lwip/src/core/tcp_out.c.obj
                0x1000d418                tcp_rst
 .text.tcp_rst_netif
                0x1000d500      0x130 CMakeFiles/mqtt.dir/opt/pico-sdk/lib/lwip/src/core/tcp_out.c.obj
                0x1000d500                tcp_rst_netif
 .text.tcp_send_empty_ack
                0x1000d630       0x4c CMakeFiles/mqtt.dir/opt/pico-sdk/lib/lwip/src/core/tcp_out.c.obj
                0x1000d630                tcp_send_empty_ack
 .text.tcp_output
                0x1000d67c      0x454 CMakeFiles/mqtt.dir/opt/pico-sdk/lib/lwip/src/core/tcp_out.c.obj
                0x1000d67c                tcp_output
 .text.tcp_rexmit_rto_commit
                0x1000dad0       0x24 CMakeFiles/mqtt.dir/opt/pico-sdk/lib/lwip/src/core/tcp_out.c.obj
                0x1000dad0                tcp_rexmit_rto_commit
 .text.tcp_rexmit_rto
                0x1000daf4       0xa4 CMakeFiles/mqtt.dir/opt/pico-sdk/lib/lwip/src/core/tcp_out.c.obj
                0x1000daf4                tcp_rexmit_rto
 .text.tcp_keepalive
                0x1000db98       0xdc CMakeFiles/mqtt.dir/opt/pico-sdk/lib/lwip/src/core/tcp_out.c.obj
                0x1000db98                tcp_keepalive
 .text.tcp_zero_window_probe
                0x1000dc74      0x110 CMakeFiles/mqtt.dir/opt/pico-sdk/lib/lwip/src/core/tcp_out.c.obj
                0x1000dc74                tcp_zero_window_probe
 .text.tcpip_tcp_timer
                0x1000dd84       0x78 CMakeFiles/mqtt.dir/opt/pico-sdk/lib/lwip/src/core/timeouts.c.obj
 .text.lwip_cyclic_timer
                0x1000ddfc       0x98 CMakeFiles/mqtt.dir/opt/pico-sdk/lib/lwip/src/core/timeouts.c.obj
 .text.tcp_timer_needed
                0x1000de94       0x7c CMakeFiles/mqtt.dir/opt/pico-sdk/lib/lwip/src/core/timeouts.c.obj
                0x1000de94                tcp_timer_needed
 .text.sys_timeouts_init
                0x1000df10       0x8c CMakeFiles/mqtt.dir/opt/pico-sdk/lib/lwip/src/core/timeouts.c.obj
                0x1000df10                sys_timeouts_init
 .text.sys_check_timeouts
                0x1000df9c       0x68 CMakeFiles/mqtt.dir/opt/pico-sdk/lib/lwip/src/core/timeouts.c.obj
                0x1000df9c                sys_check_timeouts
 .text.sys_timeouts_sleeptime
                0x1000e004       0x28 CMakeFiles/mqtt.dir/opt/pico-sdk/lib/lwip/src/core/timeouts.c.obj
                0x1000e004                sys_timeouts_sleeptime
 .text.udp_init
                0x1000e02c       0x20 CMakeFiles/mqtt.dir/opt/pico-sdk/lib/lwip/src/core/udp.c.obj
                0x1000e02c                udp_init
 .text.udp_input
                0x1000e04c      0x320 CMakeFiles/mqtt.dir/opt/pico-sdk/lib/lwip/src/core/udp.c.obj
                0x1000e04c                udp_input
 .text.udp_bind
                0x1000e36c      0x118 CMakeFiles/mqtt.dir/opt/pico-sdk/lib/lwip/src/core/udp.c.obj
                0x1000e36c                udp_bind
 .text.udp_sendto_if_src
                0x1000e484      0x130 CMakeFiles/mqtt.dir/opt/pico-sdk/lib/lwip/src/core/udp.c.obj
                0x1000e484                udp_sendto_if_src
 .text.udp_sendto_if
                0x1000e5b4       0x48 CMakeFiles/mqtt.dir/opt/pico-sdk/lib/lwip/src/core/udp.c.obj
                0x1000e5b4                udp_sendto_if
 .text.udp_sendto
                0x1000e5fc       0x78 CMakeFiles/mqtt.dir/opt/pico-sdk/lib/lwip/src/core/udp.c.obj
                0x1000e5fc                udp_sendto
 .text.udp_connect
                0x1000e674       0x60 CMakeFiles/mqtt.dir/opt/pico-sdk/lib/lwip/src/core/udp.c.obj
                0x1000e674                udp_connect
 .text.udp_recv
                0x1000e6d4        0xc CMakeFiles/mqtt.dir/opt/pico-sdk/lib/lwip/src/core/udp.c.obj
                0x1000e6d4                udp_recv
 .text.udp_remove
                0x1000e6e0       0x3c CMakeFiles/mqtt.dir/opt/pico-sdk/lib/lwip/src/core/udp.c.obj
                0x1000e6e0                udp_remove
 .text.udp_new  0x1000e71c       0x1c CMakeFiles/mqtt.dir/opt/pico-sdk/lib/lwip/src/core/udp.c.obj
                0x1000e71c                udp_new
 .text.udp_new_ip_type
                0x1000e738       0x1c CMakeFiles/mqtt.dir/opt/pico-sdk/lib/lwip/src/core/udp.c.obj
                0x1000e738                udp_new_ip_type
 .text.udp_netif_ip_addr_changed
                0x1000e754       0x40 CMakeFiles/mqtt.dir/opt/pico-sdk/lib/lwip/src/core/udp.c.obj
                0x1000e754                udp_netif_ip_addr_changed
 .text.dhcp_create_msg
                0x1000e794      0x164 CMakeFiles/mqtt.dir/opt/pico-sdk/lib/lwip/src/core/ipv4/dhcp.c.obj
 .text.dhcp_inc_pcb_refcount
                0x1000e8f8       0x6c CMakeFiles/mqtt.dir/opt/pico-sdk/lib/lwip/src/core/ipv4/dhcp.c.obj
 .text.dhcp_bind
                0x1000e964      0x138 CMakeFiles/mqtt.dir/opt/pico-sdk/lib/lwip/src/core/ipv4/dhcp.c.obj
 .text.dhcp_option_hostname.isra.0
                0x1000ea9c       0x84 CMakeFiles/mqtt.dir/opt/pico-sdk/lib/lwip/src/core/ipv4/dhcp.c.obj
 .text.dhcp_handle_ack.isra.0
                0x1000eb20       0xcc CMakeFiles/mqtt.dir/opt/pico-sdk/lib/lwip/src/core/ipv4/dhcp.c.obj
 .text.dhcp_reboot.isra.0
                0x1000ebec      0x178 CMakeFiles/mqtt.dir/opt/pico-sdk/lib/lwip/src/core/ipv4/dhcp.c.obj
 .text.dhcp_discover
                0x1000ed64      0x140 CMakeFiles/mqtt.dir/opt/pico-sdk/lib/lwip/src/core/ipv4/dhcp.c.obj
 .text.dhcp_select.isra.0
                0x1000eea4      0x1e0 CMakeFiles/mqtt.dir/opt/pico-sdk/lib/lwip/src/core/ipv4/dhcp.c.obj
 .text.dhcp_recv
                0x1000f084      0x47c CMakeFiles/mqtt.dir/opt/pico-sdk/lib/lwip/src/core/ipv4/dhcp.c.obj
 .text.dhcp_set_struct
                0x1000f500       0x44 CMakeFiles/mqtt.dir/opt/pico-sdk/lib/lwip/src/core/ipv4/dhcp.c.obj
                0x1000f500                dhcp_set_struct
 .text.dhcp_network_changed_link_up
                0x1000f544       0x40 CMakeFiles/mqtt.dir/opt/pico-sdk/lib/lwip/src/core/ipv4/dhcp.c.obj
                0x1000f544                dhcp_network_changed_link_up
 .text.dhcp_renew
                0x1000f584      0x138 CMakeFiles/mqtt.dir/opt/pico-sdk/lib/lwip/src/core/ipv4/dhcp.c.obj
                0x1000f584                dhcp_renew
 .text.dhcp_release_and_stop
                0x1000f6bc      0x158 CMakeFiles/mqtt.dir/opt/pico-sdk/lib/lwip/src/core/ipv4/dhcp.c.obj
                0x1000f6bc                dhcp_release_and_stop
 .text.dhcp_start
                0x1000f814       0xb0 CMakeFiles/mqtt.dir/opt/pico-sdk/lib/lwip/src/core/ipv4/dhcp.c.obj
                0x1000f814                dhcp_start
 .text.dhcp_coarse_tmr
                0x1000f8c4      0x1d8 CMakeFiles/mqtt.dir/opt/pico-sdk/lib/lwip/src/core/ipv4/dhcp.c.obj
                0x1000f8c4                dhcp_coarse_tmr
 .text.dhcp_fine_tmr
                0x1000fa9c       0x78 CMakeFiles/mqtt.dir/opt/pico-sdk/lib/lwip/src/core/ipv4/dhcp.c.obj
                0x1000fa9c                dhcp_fine_tmr
 .text.dhcp_stop
                0x1000fb14      0x158 CMakeFiles/mqtt.dir/opt/pico-sdk/lib/lwip/src/core/ipv4/dhcp.c.obj
                0x1000fb14                dhcp_stop
 .text.etharp_find_entry
                0x1000fc6c      0x3c0 CMakeFiles/mqtt.dir/opt/pico-sdk/lib/lwip/src/core/ipv4/etharp.c.obj
 .text.etharp_raw
                0x1001002c       0xec CMakeFiles/mqtt.dir/opt/pico-sdk/lib/lwip/src/core/ipv4/etharp.c.obj
 .text.etharp_output_to_arp_index
                0x10010118       0xd0 CMakeFiles/mqtt.dir/opt/pico-sdk/lib/lwip/src/core/ipv4/etharp.c.obj
 .text.etharp_tmr
                0x100101e8       0x94 CMakeFiles/mqtt.dir/opt/pico-sdk/lib/lwip/src/core/ipv4/etharp.c.obj
                0x100101e8                etharp_tmr
 .text.etharp_cleanup_netif
                0x1001027c      0x188 CMakeFiles/mqtt.dir/opt/pico-sdk/lib/lwip/src/core/ipv4/etharp.c.obj
                0x1001027c                etharp_cleanup_netif
 .text.etharp_input
                0x10010404      0x1b8 CMakeFiles/mqtt.dir/opt/pico-sdk/lib/lwip/src/core/ipv4/etharp.c.obj
                0x10010404                etharp_input
 .text.etharp_query
                0x100105bc      0x1b8 CMakeFiles/mqtt.dir/opt/pico-sdk/lib/lwip/src/core/ipv4/etharp.c.obj
                0x100105bc                etharp_query
 .text.etharp_output
                0x10010774      0x24c CMakeFiles/mqtt.dir/opt/pico-sdk/lib/lwip/src/core/ipv4/etharp.c.obj
                0x10010774                etharp_output
 .text.etharp_request
                0x100109c0       0x2c CMakeFiles/mqtt.dir/opt/pico-sdk/lib/lwip/src/core/ipv4/etharp.c.obj
                0x100109c0                etharp_request
 .text.icmp_input
                0x100109ec      0x1ec CMakeFiles/mqtt.dir/opt/pico-sdk/lib/lwip/src/core/ipv4/icmp.c.obj
                0x100109ec                icmp_input
 .text.icmp_dest_unreach
                0x10010bd8       0xcc CMakeFiles/mqtt.dir/opt/pico-sdk/lib/lwip/src/core/ipv4/icmp.c.obj
                0x10010bd8                icmp_dest_unreach
 .text.icmp_time_exceeded
                0x10010ca4       0xcc CMakeFiles/mqtt.dir/opt/pico-sdk/lib/lwip/src/core/ipv4/icmp.c.obj
                0x10010ca4                icmp_time_exceeded
 .text.ip_reass_free_complete_datagram
                0x10010d70      0x11c CMakeFiles/mqtt.dir/opt/pico-sdk/lib/lwip/src/core/ipv4/ip4_frag.c.obj
 .text.ip_reass_remove_oldest_datagram
                0x10010e8c       0xd8 CMakeFiles/mqtt.dir/opt/pico-sdk/lib/lwip/src/core/ipv4/ip4_frag.c.obj
 .text.ip_reass_tmr
                0x10010f64       0x30 CMakeFiles/mqtt.dir/opt/pico-sdk/lib/lwip/src/core/ipv4/ip4_frag.c.obj
                0x10010f64                ip_reass_tmr
 .text.ip4_reass
                0x10010f94      0x560 CMakeFiles/mqtt.dir/opt/pico-sdk/lib/lwip/src/core/ipv4/ip4_frag.c.obj
                0x10010f94                ip4_reass
 .text.ip4_frag
                0x100114f4      0x254 CMakeFiles/mqtt.dir/opt/pico-sdk/lib/lwip/src/core/ipv4/ip4_frag.c.obj
                0x100114f4                ip4_frag
 .text.ip4_route
                0x10011748       0x7c CMakeFiles/mqtt.dir/opt/pico-sdk/lib/lwip/src/core/ipv4/ip4.c.obj
                0x10011748                ip4_route
 .text.ip4_input
                0x100117c4      0x300 CMakeFiles/mqtt.dir/opt/pico-sdk/lib/lwip/src/core/ipv4/ip4.c.obj
                0x100117c4                ip4_input
 .text.ip4_output_if
                0x10011ac4      0x190 CMakeFiles/mqtt.dir/opt/pico-sdk/lib/lwip/src/core/ipv4/ip4.c.obj
                0x10011ac4                ip4_output_if
 .text.ip4_output_if_src
                0x10011c54      0x184 CMakeFiles/mqtt.dir/opt/pico-sdk/lib/lwip/src/core/ipv4/ip4.c.obj
                0x10011c54                ip4_output_if_src
 .text.ip4_addr_isbroadcast_u32
                0x10011dd8       0x3c CMakeFiles/mqtt.dir/opt/pico-sdk/lib/lwip/src/core/ipv4/ip4_addr.c.obj
                0x10011dd8                ip4_addr_isbroadcast_u32
 .text.ip4addr_aton
                0x10011e14      0x1a8 CMakeFiles/mqtt.dir/opt/pico-sdk/lib/lwip/src/core/ipv4/ip4_addr.c.obj
                0x10011e14                ip4addr_aton
 .text.ip4addr_ntoa
                0x10011fbc       0xec CMakeFiles/mqtt.dir/opt/pico-sdk/lib/lwip/src/core/ipv4/ip4_addr.c.obj
                0x10011fbc                ip4addr_ntoa
 .text.ethernet_input
                0x100120a8       0xd0 CMakeFiles/mqtt.dir/opt/pico-sdk/lib/lwip/src/netif/ethernet.c.obj
                0x100120a8                ethernet_input
 .text.ethernet_output
                0x10012178       0x6c CMakeFiles/mqtt.dir/opt/pico-sdk/lib/lwip/src/netif/ethernet.c.obj
                0x10012178                ethernet_output
 .text.cyw43_arch_wifi_connect_bssid_until.part.0
                0x100121e4      0x150 CMakeFiles/mqtt.dir/opt/pico-sdk/src/rp2_common/pico_cyw43_arch/cyw43_arch.c.obj
 .text.cyw43_arch_set_async_context
                0x10012334        0xc CMakeFiles/mqtt.dir/opt/pico-sdk/src/rp2_common/pico_cyw43_arch/cyw43_arch.c.obj
                0x10012334                cyw43_arch_set_async_context
 .text.cyw43_arch_enable_sta_mode
                0x10012340       0x1c CMakeFiles/mqtt.dir/opt/pico-sdk/src/rp2_common/pico_cyw43_arch/cyw43_arch.c.obj
                0x10012340                cyw43_arch_enable_sta_mode
 .text.cyw43_arch_wifi_connect_timeout_ms
                0x1001235c       0xa0 CMakeFiles/mqtt.dir/opt/pico-sdk/src/rp2_common/pico_cyw43_arch/cyw43_arch.c.obj
                0x1001235c                cyw43_arch_wifi_connect_timeout_ms
 .text.cyw43_arch_init_with_country
                0x100123fc       0x10 CMakeFiles/mqtt.dir/opt/pico-sdk/src/rp2_common/pico_cyw43_arch/cyw43_arch.c.obj
                0x100123fc                cyw43_arch_init_with_country
 .text.cyw43_arch_gpio_put
                0x1001240c       0x14 CMakeFiles/mqtt.dir/opt/pico-sdk/src/rp2_common/pico_cyw43_arch/cyw43_arch.c.obj
                0x1001240c                cyw43_arch_gpio_put
 .text.cyw43_arch_async_context
                0x10012420        0xc CMakeFiles/mqtt.dir/opt/pico-sdk/src/rp2_common/pico_cyw43_arch/cyw43_arch.c.obj
                0x10012420                cyw43_arch_async_context
 .text.cyw43_arch_poll
                0x1001242c       0x18 CMakeFiles/mqtt.dir/opt/pico-sdk/src/rp2_common/pico_cyw43_arch/cyw43_arch.c.obj
                0x1001242c                cyw43_arch_poll
 .text.cyw43_arch_init
                0x10012444       0x74 CMakeFiles/mqtt.dir/opt/pico-sdk/src/rp2_common/pico_cyw43_arch/cyw43_arch_threadsafe_background.c.obj
                0x10012444                cyw43_arch_init
 .text.ns_delay.constprop.0
                0x100124b8       0x20 CMakeFiles/mqtt.dir/opt/pico-sdk/src/rp2_common/pico_cyw43_driver/cyw43_bus_pio_spi.c.obj
 .text.cyw43_spi_deinit
                0x100124d8       0x7c CMakeFiles/mqtt.dir/opt/pico-sdk/src/rp2_common/pico_cyw43_driver/cyw43_bus_pio_spi.c.obj
                0x100124d8                cyw43_spi_deinit
 .text.cyw43_spi_init
                0x10012554      0x134 CMakeFiles/mqtt.dir/opt/pico-sdk/src/rp2_common/pico_cyw43_driver/cyw43_bus_pio_spi.c.obj
                0x10012554                cyw43_spi_init
 .text.cyw43_spi_transfer
                0x10012688      0x3f0 CMakeFiles/mqtt.dir/opt/pico-sdk/src/rp2_common/pico_cyw43_driver/cyw43_bus_pio_spi.c.obj
                0x10012688                cyw43_spi_transfer
 .text.cyw43_spi_gpio_setup
                0x10012a78       0x3c CMakeFiles/mqtt.dir/opt/pico-sdk/src/rp2_common/pico_cyw43_driver/cyw43_bus_pio_spi.c.obj
                0x10012a78                cyw43_spi_gpio_setup
 .text.cyw43_spi_reset
                0x10012ab4       0x28 CMakeFiles/mqtt.dir/opt/pico-sdk/src/rp2_common/pico_cyw43_driver/cyw43_bus_pio_spi.c.obj
                0x10012ab4                cyw43_spi_reset
 .text.read_reg_u32_swap
                0x10012adc       0x3c CMakeFiles/mqtt.dir/opt/pico-sdk/src/rp2_common/pico_cyw43_driver/cyw43_bus_pio_spi.c.obj
                0x10012adc                read_reg_u32_swap
 .text.cyw43_read_reg_u32
                0x10012b18       0x50 CMakeFiles/mqtt.dir/opt/pico-sdk/src/rp2_common/pico_cyw43_driver/cyw43_bus_pio_spi.c.obj
                0x10012b18                cyw43_read_reg_u32
 .text.cyw43_read_reg_u16
                0x10012b68       0x50 CMakeFiles/mqtt.dir/opt/pico-sdk/src/rp2_common/pico_cyw43_driver/cyw43_bus_pio_spi.c.obj
                0x10012b68                cyw43_read_reg_u16
 .text.cyw43_read_reg_u8
                0x10012bb8       0x50 CMakeFiles/mqtt.dir/opt/pico-sdk/src/rp2_common/pico_cyw43_driver/cyw43_bus_pio_spi.c.obj
                0x10012bb8                cyw43_read_reg_u8
 .text.write_reg_u32_swap
                0x10012c08      0x1e8 CMakeFiles/mqtt.dir/opt/pico-sdk/src/rp2_common/pico_cyw43_driver/cyw43_bus_pio_spi.c.obj
                0x10012c08                write_reg_u32_swap
 .text.cyw43_write_reg_u32
                0x10012df0      0x208 CMakeFiles/mqtt.dir/opt/pico-sdk/src/rp2_common/pico_cyw43_driver/cyw43_bus_pio_spi.c.obj
                0x10012df0                cyw43_write_reg_u32
 .text.cyw43_write_reg_u16
                0x10012ff8      0x208 CMakeFiles/mqtt.dir/opt/pico-sdk/src/rp2_common/pico_cyw43_driver/cyw43_bus_pio_spi.c.obj
                0x10012ff8                cyw43_write_reg_u16
 .text.cyw43_write_reg_u8
                0x10013200      0x208 CMakeFiles/mqtt.dir/opt/pico-sdk/src/rp2_common/pico_cyw43_driver/cyw43_bus_pio_spi.c.obj
                0x10013200                cyw43_write_reg_u8
 .text.cyw43_read_bytes
                0x10013408       0x78 CMakeFiles/mqtt.dir/opt/pico-sdk/src/rp2_common/pico_cyw43_driver/cyw43_bus_pio_spi.c.obj
                0x10013408                cyw43_read_bytes
 .text.cyw43_write_bytes
                0x10013480       0xc0 CMakeFiles/mqtt.dir/opt/pico-sdk/src/rp2_common/pico_cyw43_driver/cyw43_bus_pio_spi.c.obj
                0x10013480                cyw43_write_bytes
 .text.cyw43_set_backplane_window
                0x10013540       0x68 CMakeFiles/mqtt.dir/opt/pico-sdk/lib/cyw43-driver/src/cyw43_ll.c.obj
 .text.cyw43_ll_parse_async_event
                0x100135a8      0x134 CMakeFiles/mqtt.dir/opt/pico-sdk/lib/cyw43-driver/src/cyw43_ll.c.obj
 .text.cyw43_kso_set
                0x100136dc       0x80 CMakeFiles/mqtt.dir/opt/pico-sdk/lib/cyw43-driver/src/cyw43_ll.c.obj
 .text.cyw43_ll_sdpcm_poll_device
                0x1001375c      0x238 CMakeFiles/mqtt.dir/opt/pico-sdk/lib/cyw43-driver/src/cyw43_ll.c.obj
 .text.cyw43_sdpcm_send_common
                0x10013994       0xfc CMakeFiles/mqtt.dir/opt/pico-sdk/lib/cyw43-driver/src/cyw43_ll.c.obj
 .text.cyw43_do_ioctl.part.0
                0x10013a90       0xc4 CMakeFiles/mqtt.dir/opt/pico-sdk/lib/cyw43-driver/src/cyw43_ll.c.obj
 .text.cyw43_download_resource
                0x10013b54       0xd0 CMakeFiles/mqtt.dir/opt/pico-sdk/lib/cyw43-driver/src/cyw43_ll.c.obj
 .text.cyw43_write_iovar_u32.constprop.0
                0x10013c24       0x98 CMakeFiles/mqtt.dir/opt/pico-sdk/lib/cyw43-driver/src/cyw43_ll.c.obj
 .text.cyw43_write_iovar_n
                0x10013cbc       0x8c CMakeFiles/mqtt.dir/opt/pico-sdk/lib/cyw43-driver/src/cyw43_ll.c.obj
 .text.cyw43_write_iovar_u32_u32.constprop.0
                0x10013d48       0xac CMakeFiles/mqtt.dir/opt/pico-sdk/lib/cyw43-driver/src/cyw43_ll.c.obj
 .text.cyw43_read_backplane.constprop.0
                0x10013df4       0xe4 CMakeFiles/mqtt.dir/opt/pico-sdk/lib/cyw43-driver/src/cyw43_ll.c.obj
 .text.cyw43_write_backplane
                0x10013ed8      0x10c CMakeFiles/mqtt.dir/opt/pico-sdk/lib/cyw43-driver/src/cyw43_ll.c.obj
 .text.reset_device_core.constprop.0
                0x10013fe4      0x410 CMakeFiles/mqtt.dir/opt/pico-sdk/lib/cyw43-driver/src/cyw43_ll.c.obj
 .text.cyw43_ll_init
                0x100143f4       0x1c CMakeFiles/mqtt.dir/opt/pico-sdk/lib/cyw43-driver/src/cyw43_ll.c.obj
                0x100143f4                cyw43_ll_init
 .text.cyw43_ll_deinit
                0x10014410        0x8 CMakeFiles/mqtt.dir/opt/pico-sdk/lib/cyw43-driver/src/cyw43_ll.c.obj
                0x10014410                cyw43_ll_deinit
 .text.cyw43_ll_send_ethernet
                0x10014418       0x60 CMakeFiles/mqtt.dir/opt/pico-sdk/lib/cyw43-driver/src/cyw43_ll.c.obj
                0x10014418                cyw43_ll_send_ethernet
 .text.cyw43_ll_process_packets
                0x10014478       0x54 CMakeFiles/mqtt.dir/opt/pico-sdk/lib/cyw43-driver/src/cyw43_ll.c.obj
                0x10014478                cyw43_ll_process_packets
 .text.cyw43_ll_ioctl
                0x100144cc       0x80 CMakeFiles/mqtt.dir/opt/pico-sdk/lib/cyw43-driver/src/cyw43_ll.c.obj
                0x100144cc                cyw43_ll_ioctl
 .text.cyw43_ll_bus_sleep
                0x1001454c       0x34 CMakeFiles/mqtt.dir/opt/pico-sdk/lib/cyw43-driver/src/cyw43_ll.c.obj
                0x1001454c                cyw43_ll_bus_sleep
 .text.cyw43_ll_wifi_on
                0x10014580      0x1f8 CMakeFiles/mqtt.dir/opt/pico-sdk/lib/cyw43-driver/src/cyw43_ll.c.obj
                0x10014580                cyw43_ll_wifi_on
 .text.cyw43_ll_wifi_get_mac
                0x10014778       0x74 CMakeFiles/mqtt.dir/opt/pico-sdk/lib/cyw43-driver/src/cyw43_ll.c.obj
                0x10014778                cyw43_ll_wifi_get_mac
 .text.cyw43_ll_bus_init
                0x100147ec      0x920 CMakeFiles/mqtt.dir/opt/pico-sdk/lib/cyw43-driver/src/cyw43_ll.c.obj
                0x100147ec                cyw43_ll_bus_init
 .text.cyw43_ll_wifi_pm
                0x1001510c      0x11c CMakeFiles/mqtt.dir/opt/pico-sdk/lib/cyw43-driver/src/cyw43_ll.c.obj
                0x1001510c                cyw43_ll_wifi_pm
 .text.cyw43_ll_wifi_join
                0x10015228      0x4bc CMakeFiles/mqtt.dir/opt/pico-sdk/lib/cyw43-driver/src/cyw43_ll.c.obj
                0x10015228                cyw43_ll_wifi_join
 .text.cyw43_ll_wifi_set_wpa_auth
                0x100156e4       0x4c CMakeFiles/mqtt.dir/opt/pico-sdk/lib/cyw43-driver/src/cyw43_ll.c.obj
                0x100156e4                cyw43_ll_wifi_set_wpa_auth
 .text.cyw43_ll_wifi_rejoin
                0x10015730       0x58 CMakeFiles/mqtt.dir/opt/pico-sdk/lib/cyw43-driver/src/cyw43_ll.c.obj
                0x10015730                cyw43_ll_wifi_rejoin
 .text.cyw43_ll_wifi_ap_init
                0x10015788      0x4dc CMakeFiles/mqtt.dir/opt/pico-sdk/lib/cyw43-driver/src/cyw43_ll.c.obj
                0x10015788                cyw43_ll_wifi_ap_init
 .text.cyw43_ll_wifi_ap_set_up
                0x10015c64       0x74 CMakeFiles/mqtt.dir/opt/pico-sdk/lib/cyw43-driver/src/cyw43_ll.c.obj
                0x10015c64                cyw43_ll_wifi_ap_set_up
 .text.cyw43_ll_gpio_set
                0x10015cd8       0x94 CMakeFiles/mqtt.dir/opt/pico-sdk/lib/cyw43-driver/src/cyw43_ll.c.obj
                0x10015cd8                cyw43_ll_gpio_set
 .text.cyw43_ll_has_work
                0x10015d6c       0x14 CMakeFiles/mqtt.dir/opt/pico-sdk/lib/cyw43-driver/src/cyw43_ll.c.obj
                0x10015d6c                cyw43_ll_has_work
 .text.cyw43_netif_init
                0x10015d80       0x3c CMakeFiles/mqtt.dir/opt/pico-sdk/lib/cyw43-driver/src/cyw43_lwip.c.obj
 .text.cyw43_netif_output
                0x10015dbc       0x34 CMakeFiles/mqtt.dir/opt/pico-sdk/lib/cyw43-driver/src/cyw43_lwip.c.obj
 .text.cyw43_cb_tcpip_init
                0x10015df0       0xf0 CMakeFiles/mqtt.dir/opt/pico-sdk/lib/cyw43-driver/src/cyw43_lwip.c.obj
                0x10015df0                cyw43_cb_tcpip_init
 .text.cyw43_cb_tcpip_deinit
                0x10015ee0       0x4c CMakeFiles/mqtt.dir/opt/pico-sdk/lib/cyw43-driver/src/cyw43_lwip.c.obj
                0x10015ee0                cyw43_cb_tcpip_deinit
 .text.cyw43_cb_process_ethernet
                0x10015f2c       0x6c CMakeFiles/mqtt.dir/opt/pico-sdk/lib/cyw43-driver/src/cyw43_lwip.c.obj
                0x10015f2c                cyw43_cb_process_ethernet
 .text.cyw43_cb_tcpip_set_link_up